******************************************************************************
                  TI ARM Linker PC v18.1.4                     
******************************************************************************
>> Linked Tue Feb 26 17:43:18 2019

OUTPUT FILE NAME:   <lab6_adc.out>
ENTRY POINT SYMBOL: "_c_int00_noinit_noargs"  address: 00000621


MEMORY CONFIGURATION

         name            origin    length      used     unused   attr    fill
----------------------  --------  ---------  --------  --------  ----  --------
  FLASH                 00000000   00100000  00000956  000ff6aa  R  X
  SRAM                  20000000   00040000  00001000  0003f000  RW X


SEGMENT ALLOCATION MAP

run origin  load origin   length   init length attrs members
----------  ----------- ---------- ----------- ----- -------
00000000    00000000    00000958   00000958    r-x
  00000000    00000000    00000208   00000208    r-- .intvecs
  00000208    00000208    000004fa   000004fa    r-x .text
  00000704    00000704    00000254   00000254    r-- .const
20000000    20000000    00001000   00000000    rw-
  20000000    20000000    00001000   00000000    rw- .stack


SECTION ALLOCATION MAP

 output                                  attributes/
section   page    origin      length       input sections
--------  ----  ----------  ----------   ----------------
.intvecs   0    00000000    00000208     
                  00000000    00000208     tm4c1294ncpdt_startup_ccs.obj (.intvecs)

.text      0    00000208    000004fa     
                  00000208    00000200     driverlib.lib : sysctl.obj (.text:SysCtlClockFreqSet)
                  00000408    000000d0     main.obj (.text)
                  000004d8    0000007a     driverlib.lib : adc.obj (.text:ADCSequenceStepConfigure)
                  00000552    00000050                   : adc.obj (.text:ADCSequenceConfigure)
                  000005a2    00000002     --HOLE-- [fill = 0]
                  000005a4    00000048                   : sysctl.obj (.text:_SysCtlFrequencyGet)
                  000005ec    00000034                   : sysctl.obj (.text:SysCtlPeripheralEnable)
                  00000620    00000030     rtsv7M4_T_le_v4SPD16_eabi.lib : boot_cortex_m.c.obj (.text:_c_int00_noinit_noargs:_c_int00_noinit_noargs)
                  00000650    0000002e     driverlib.lib : adc.obj (.text:ADCIntStatus)
                  0000067e    00000002     --HOLE-- [fill = 0]
                  00000680    00000020                   : sysctl.obj (.text:_SysCtlMemTimingGet)
                  000006a0    0000001e                   : adc.obj (.text:ADCSequenceDataGet)
                  000006be    00000018                   : adc.obj (.text:ADCProcessorTrigger)
                  000006d6    0000000e                   : adc.obj (.text:ADCSequenceEnable)
                  000006e4    0000000c     tm4c1294ncpdt_startup_ccs.obj (.text)
                  000006f0    0000000a     driverlib.lib : adc.obj (.text:ADCIntClear)
                  000006fa    00000004     rtsv7M4_T_le_v4SPD16_eabi.lib : pre_init.c.obj (.text:_system_pre_init)
                  000006fe    00000004                                   : exit.c.obj (.text:abort:abort)

.const     0    00000704    00000254     
                  00000704    000001b0     driverlib.lib : sysctl.obj (.const:g_pppui32XTALtoVCO)
                  000008b4    0000006c                   : sysctl.obj (.const:g_pui32Xtals)
                  00000920    00000030                   : sysctl.obj (.const:g_sXTALtoMEMTIM)
                  00000950    00000008                   : sysctl.obj (.const)

.cinit     0    00000000    00000000     UNINITIALIZED

.init_array 
*          0    00000000    00000000     UNINITIALIZED

.stack     0    20000000    00001000     UNINITIALIZED
                  20000000    00000004     rtsv7M4_T_le_v4SPD16_eabi.lib : boot_cortex_m.c.obj (.stack)
                  20000004    00000ffc     --HOLE--

MODULE SUMMARY

       Module                          code   ro data   rw data
       ------                          ----   -------   -------
    .\
       tm4c1294ncpdt_startup_ccs.obj   12     520       0      
       main.obj                        208    0         0      
    +--+-------------------------------+------+---------+---------+
       Total:                          220    520       0      
                                                               
    C:/ti/TivaWare_C_Series-2.1.4.178/driverlib/ccs/Debug/driverlib.lib
       sysctl.obj                      668    596       0      
       adc.obj                         326    0         0      
    +--+-------------------------------+------+---------+---------+
       Total:                          994    596       0      
                                                               
    C:\ti\ccsv8\tools\compiler\ti-cgt-arm_18.1.4.LTS\lib\rtsv7M4_T_le_v4SPD16_eabi.lib
       boot_cortex_m.c.obj             48     0         0      
       exit.c.obj                      4      0         0      
       pre_init.c.obj                  4      0         0      
    +--+-------------------------------+------+---------+---------+
       Total:                          56     0         0      
                                                               
       Stack:                          0      0         4096   
    +--+-------------------------------+------+---------+---------+
       Grand Total:                    1270   1116      4096   


GLOBAL SYMBOLS: SORTED ALPHABETICALLY BY Name 

address   name                    
-------   ----                    
000006f1  ADCIntClear             
00000651  ADCIntStatus            
000006bf  ADCProcessorTrigger     
00000553  ADCSequenceConfigure    
000006a1  ADCSequenceDataGet      
000006d7  ADCSequenceEnable       
000004d9  ADCSequenceStepConfigure
000006ff  C$$EXIT                 
000006e5  ResetISR                
00000209  SysCtlClockFreqSet      
000005ed  SysCtlPeripheralEnable  
20001000  __STACK_END             
00001000  __STACK_SIZE            
20000200  __STACK_TOP             
ffffffff  __TI_pprof_out_hndl     
ffffffff  __TI_prof_data_size     
ffffffff  __TI_prof_data_start    
00000000  __TI_static_base__      
ffffffff  __binit__               
ffffffff  __c_args__              
UNDEFED   __mpu_init              
20000000  __stack                 
00000621  _c_int00_noinit_noargs  
000006fb  _system_pre_init        
000006ff  abort                   
ffffffff  binit                   
00000000  g_pfnVectors            
00000409  main                    


GLOBAL SYMBOLS: SORTED BY Symbol Address 

address   name                    
-------   ----                    
00000000  __TI_static_base__      
00000000  g_pfnVectors            
00000209  SysCtlClockFreqSet      
00000409  main                    
000004d9  ADCSequenceStepConfigure
00000553  ADCSequenceConfigure    
000005ed  SysCtlPeripheralEnable  
00000621  _c_int00_noinit_noargs  
00000651  ADCIntStatus            
000006a1  ADCSequenceDataGet      
000006bf  ADCProcessorTrigger     
000006d7  ADCSequenceEnable       
000006e5  ResetISR                
000006f1  ADCIntClear             
000006fb  _system_pre_init        
000006ff  C$$EXIT                 
000006ff  abort                   
00001000  __STACK_SIZE            
20000000  __stack                 
20000200  __STACK_TOP             
20001000  __STACK_END             
ffffffff  __TI_pprof_out_hndl     
ffffffff  __TI_prof_data_size     
ffffffff  __TI_prof_data_start    
ffffffff  __binit__               
ffffffff  __c_args__              
ffffffff  binit                   
UNDEFED   __mpu_init              

[28 symbols]
