<?xml version="1.0" encoding="ISO-8859-1" ?>
<link_info>
   <banner>TI ARM Linker PC v18.1.4.LTS</banner>
   <copyright>Copyright (c) 1996-2018 Texas Instruments Incorporated</copyright>
   <link_time>0x5db605c1</link_time>
   <link_errors>0x0</link_errors>
   <output_file>saf_prj.out</output_file>
   <entry_point>
      <name>_c_int00_noargs</name>
      <address>0x27f9</address>
   </entry_point>
   <input_file_list>
      <input_file id="fl-2">
         <path>.\</path>
         <kind>object</kind>
         <file>saf_prj.obj</file>
         <name>saf_prj.obj</name>
      </input_file>
      <input_file id="fl-3">
         <path>.\</path>
         <kind>object</kind>
         <file>tm4c1294ncpdt_startup_ccs.obj</file>
         <name>tm4c1294ncpdt_startup_ccs.obj</name>
      </input_file>
      <input_file id="fl-8">
         <kind>object</kind>
         <file>&lt;internal&gt;</file>
         <name>&lt;internal&gt;</name>
      </input_file>
      <input_file id="fl-9">
         <path>C:\ti\TivaWare_C_Series-2.1.4.178\driverlib\ccs\Debug\</path>
         <kind>archive</kind>
         <file>driverlib.lib</file>
         <name>adc.obj</name>
      </input_file>
      <input_file id="fl-a">
         <path>C:\ti\TivaWare_C_Series-2.1.4.178\driverlib\ccs\Debug\</path>
         <kind>archive</kind>
         <file>driverlib.lib</file>
         <name>gpio.obj</name>
      </input_file>
      <input_file id="fl-b">
         <path>C:\ti\TivaWare_C_Series-2.1.4.178\driverlib\ccs\Debug\</path>
         <kind>archive</kind>
         <file>driverlib.lib</file>
         <name>interrupt.obj</name>
      </input_file>
      <input_file id="fl-c">
         <path>C:\ti\TivaWare_C_Series-2.1.4.178\driverlib\ccs\Debug\</path>
         <kind>archive</kind>
         <file>driverlib.lib</file>
         <name>sysctl.obj</name>
      </input_file>
      <input_file id="fl-d">
         <path>C:\ti\TivaWare_C_Series-2.1.4.178\driverlib\ccs\Debug\</path>
         <kind>archive</kind>
         <file>driverlib.lib</file>
         <name>timer.obj</name>
      </input_file>
      <input_file id="fl-e">
         <path>C:\ti\TivaWare_C_Series-2.1.4.178\driverlib\ccs\Debug\</path>
         <kind>archive</kind>
         <file>driverlib.lib</file>
         <name>uart.obj</name>
      </input_file>
      <input_file id="fl-f">
         <path>C:\ti\TivaWare_C_Series-2.1.4.178\driverlib\ccs\Debug\</path>
         <kind>archive</kind>
         <file>driverlib.lib</file>
         <name>cpu.obj</name>
      </input_file>
      <input_file id="fl-c5">
         <path>C:\ti\ccsv8\tools\compiler\ti-cgt-arm_18.1.4.LTS\lib\</path>
         <kind>archive</kind>
         <file>rtsv7M4_T_le_v4SPD16_eabi.lib</file>
         <name>fd_add_t2.asm.obj</name>
      </input_file>
      <input_file id="fl-c6">
         <path>C:\ti\ccsv8\tools\compiler\ti-cgt-arm_18.1.4.LTS\lib\</path>
         <kind>archive</kind>
         <file>rtsv7M4_T_le_v4SPD16_eabi.lib</file>
         <name>fd_div_t2.asm.obj</name>
      </input_file>
      <input_file id="fl-c7">
         <path>C:\ti\ccsv8\tools\compiler\ti-cgt-arm_18.1.4.LTS\lib\</path>
         <kind>archive</kind>
         <file>rtsv7M4_T_le_v4SPD16_eabi.lib</file>
         <name>fd_mul_t2.asm.obj</name>
      </input_file>
      <input_file id="fl-c8">
         <path>C:\ti\ccsv8\tools\compiler\ti-cgt-arm_18.1.4.LTS\lib\</path>
         <kind>archive</kind>
         <file>rtsv7M4_T_le_v4SPD16_eabi.lib</file>
         <name>fd_tos_t2.asm.obj</name>
      </input_file>
      <input_file id="fl-c9">
         <path>C:\ti\ccsv8\tools\compiler\ti-cgt-arm_18.1.4.LTS\lib\</path>
         <kind>archive</kind>
         <file>rtsv7M4_T_le_v4SPD16_eabi.lib</file>
         <name>fs_tod_t2.asm.obj</name>
      </input_file>
      <input_file id="fl-ca">
         <path>C:\ti\ccsv8\tools\compiler\ti-cgt-arm_18.1.4.LTS\lib\</path>
         <kind>archive</kind>
         <file>rtsv7M4_T_le_v4SPD16_eabi.lib</file>
         <name>u_tofd_t2.asm.obj</name>
      </input_file>
      <input_file id="fl-cb">
         <path>C:\ti\ccsv8\tools\compiler\ti-cgt-arm_18.1.4.LTS\lib\</path>
         <kind>archive</kind>
         <file>rtsv7M4_T_le_v4SPD16_eabi.lib</file>
         <name>copy_zero_init.c.obj</name>
      </input_file>
      <input_file id="fl-cc">
         <path>C:\ti\ccsv8\tools\compiler\ti-cgt-arm_18.1.4.LTS\lib\</path>
         <kind>archive</kind>
         <file>rtsv7M4_T_le_v4SPD16_eabi.lib</file>
         <name>copy_decompress_none.c.obj</name>
      </input_file>
      <input_file id="fl-cd">
         <path>C:\ti\ccsv8\tools\compiler\ti-cgt-arm_18.1.4.LTS\lib\</path>
         <kind>archive</kind>
         <file>rtsv7M4_T_le_v4SPD16_eabi.lib</file>
         <name>copy_decompress_lzss.c.obj</name>
      </input_file>
      <input_file id="fl-ce">
         <path>C:\ti\ccsv8\tools\compiler\ti-cgt-arm_18.1.4.LTS\lib\</path>
         <kind>archive</kind>
         <file>rtsv7M4_T_le_v4SPD16_eabi.lib</file>
         <name>boot_cortex_m.c.obj</name>
      </input_file>
      <input_file id="fl-cf">
         <path>C:\ti\ccsv8\tools\compiler\ti-cgt-arm_18.1.4.LTS\lib\</path>
         <kind>archive</kind>
         <file>rtsv7M4_T_le_v4SPD16_eabi.lib</file>
         <name>exit.c.obj</name>
      </input_file>
      <input_file id="fl-d0">
         <path>C:\ti\ccsv8\tools\compiler\ti-cgt-arm_18.1.4.LTS\lib\</path>
         <kind>archive</kind>
         <file>rtsv7M4_T_le_v4SPD16_eabi.lib</file>
         <name>_lock.c.obj</name>
      </input_file>
      <input_file id="fl-d1">
         <path>C:\ti\ccsv8\tools\compiler\ti-cgt-arm_18.1.4.LTS\lib\</path>
         <kind>archive</kind>
         <file>rtsv7M4_T_le_v4SPD16_eabi.lib</file>
         <name>args_main.c.obj</name>
      </input_file>
      <input_file id="fl-d2">
         <path>C:\ti\ccsv8\tools\compiler\ti-cgt-arm_18.1.4.LTS\lib\</path>
         <kind>archive</kind>
         <file>rtsv7M4_T_le_v4SPD16_eabi.lib</file>
         <name>sprintf.c.obj</name>
      </input_file>
      <input_file id="fl-d3">
         <path>C:\ti\ccsv8\tools\compiler\ti-cgt-arm_18.1.4.LTS\lib\</path>
         <kind>archive</kind>
         <file>rtsv7M4_T_le_v4SPD16_eabi.lib</file>
         <name>memcpy_t2.asm.obj</name>
      </input_file>
      <input_file id="fl-d4">
         <path>C:\ti\ccsv8\tools\compiler\ti-cgt-arm_18.1.4.LTS\lib\</path>
         <kind>archive</kind>
         <file>rtsv7M4_T_le_v4SPD16_eabi.lib</file>
         <name>memset_t2.asm.obj</name>
      </input_file>
      <input_file id="fl-d5">
         <path>C:\ti\ccsv8\tools\compiler\ti-cgt-arm_18.1.4.LTS\lib\</path>
         <kind>archive</kind>
         <file>rtsv7M4_T_le_v4SPD16_eabi.lib</file>
         <name>autoinit.c.obj</name>
      </input_file>
      <input_file id="fl-d6">
         <path>C:\ti\ccsv8\tools\compiler\ti-cgt-arm_18.1.4.LTS\lib\</path>
         <kind>archive</kind>
         <file>rtsv7M4_T_le_v4SPD16_eabi.lib</file>
         <name>pre_init.c.obj</name>
      </input_file>
      <input_file id="fl-d7">
         <path>C:\ti\ccsv8\tools\compiler\ti-cgt-arm_18.1.4.LTS\lib\</path>
         <kind>archive</kind>
         <file>rtsv7M4_T_le_v4SPD16_eabi.lib</file>
         <name>cpy_tbl.c.obj</name>
      </input_file>
      <input_file id="fl-d8">
         <path>C:\ti\ccsv8\tools\compiler\ti-cgt-arm_18.1.4.LTS\lib\</path>
         <kind>archive</kind>
         <file>rtsv7M4_T_le_v4SPD16_eabi.lib</file>
         <name>_printfi.c.obj</name>
      </input_file>
      <input_file id="fl-d9">
         <path>C:\ti\ccsv8\tools\compiler\ti-cgt-arm_18.1.4.LTS\lib\</path>
         <kind>archive</kind>
         <file>rtsv7M4_T_le_v4SPD16_eabi.lib</file>
         <name>atoi.c.obj</name>
      </input_file>
      <input_file id="fl-da">
         <path>C:\ti\ccsv8\tools\compiler\ti-cgt-arm_18.1.4.LTS\lib\</path>
         <kind>archive</kind>
         <file>rtsv7M4_T_le_v4SPD16_eabi.lib</file>
         <name>ctype.c.obj</name>
      </input_file>
      <input_file id="fl-db">
         <path>C:\ti\ccsv8\tools\compiler\ti-cgt-arm_18.1.4.LTS\lib\</path>
         <kind>archive</kind>
         <file>rtsv7M4_T_le_v4SPD16_eabi.lib</file>
         <name>ltoa.c.obj</name>
      </input_file>
      <input_file id="fl-dc">
         <path>C:\ti\ccsv8\tools\compiler\ti-cgt-arm_18.1.4.LTS\lib\</path>
         <kind>archive</kind>
         <file>rtsv7M4_T_le_v4SPD16_eabi.lib</file>
         <name>memccpy.c.obj</name>
      </input_file>
      <input_file id="fl-dd">
         <path>C:\ti\ccsv8\tools\compiler\ti-cgt-arm_18.1.4.LTS\lib\</path>
         <kind>archive</kind>
         <file>rtsv7M4_T_le_v4SPD16_eabi.lib</file>
         <name>strchr.c.obj</name>
      </input_file>
      <input_file id="fl-de">
         <path>C:\ti\ccsv8\tools\compiler\ti-cgt-arm_18.1.4.LTS\lib\</path>
         <kind>archive</kind>
         <file>rtsv7M4_T_le_v4SPD16_eabi.lib</file>
         <name>strlen.c.obj</name>
      </input_file>
      <input_file id="fl-df">
         <path>C:\ti\ccsv8\tools\compiler\ti-cgt-arm_18.1.4.LTS\lib\</path>
         <kind>archive</kind>
         <file>rtsv7M4_T_le_v4SPD16_eabi.lib</file>
         <name>wcslen.c.obj</name>
      </input_file>
      <input_file id="fl-e0">
         <path>C:\ti\ccsv8\tools\compiler\ti-cgt-arm_18.1.4.LTS\lib\</path>
         <kind>archive</kind>
         <file>rtsv7M4_T_le_v4SPD16_eabi.lib</file>
         <name>s_frexp.c.obj</name>
      </input_file>
      <input_file id="fl-e1">
         <path>C:\ti\ccsv8\tools\compiler\ti-cgt-arm_18.1.4.LTS\lib\</path>
         <kind>archive</kind>
         <file>rtsv7M4_T_le_v4SPD16_eabi.lib</file>
         <name>s_scalbn.c.obj</name>
      </input_file>
      <input_file id="fl-e2">
         <path>C:\ti\ccsv8\tools\compiler\ti-cgt-arm_18.1.4.LTS\lib\</path>
         <kind>archive</kind>
         <file>rtsv7M4_T_le_v4SPD16_eabi.lib</file>
         <name>fd_cmp_t2.asm.obj</name>
      </input_file>
      <input_file id="fl-e3">
         <path>C:\ti\ccsv8\tools\compiler\ti-cgt-arm_18.1.4.LTS\lib\</path>
         <kind>archive</kind>
         <file>rtsv7M4_T_le_v4SPD16_eabi.lib</file>
         <name>fd_toi_t2.asm.obj</name>
      </input_file>
      <input_file id="fl-e4">
         <path>C:\ti\ccsv8\tools\compiler\ti-cgt-arm_18.1.4.LTS\lib\</path>
         <kind>archive</kind>
         <file>rtsv7M4_T_le_v4SPD16_eabi.lib</file>
         <name>i_tofd_t2.asm.obj</name>
      </input_file>
      <input_file id="fl-e5">
         <path>C:\ti\ccsv8\tools\compiler\ti-cgt-arm_18.1.4.LTS\lib\</path>
         <kind>archive</kind>
         <file>rtsv7M4_T_le_v4SPD16_eabi.lib</file>
         <name>ull_div_t2.asm.obj</name>
      </input_file>
      <input_file id="fl-e6">
         <path>C:\ti\ccsv8\tools\compiler\ti-cgt-arm_18.1.4.LTS\lib\</path>
         <kind>archive</kind>
         <file>rtsv7M4_T_le_v4SPD16_eabi.lib</file>
         <name>errno.c.obj</name>
      </input_file>
      <input_file id="fl-e7">
         <path>C:\ti\ccsv8\tools\compiler\ti-cgt-arm_18.1.4.LTS\lib\</path>
         <kind>archive</kind>
         <file>rtsv7M4_T_le_v4SPD16_eabi.lib</file>
         <name>s_copysign.c.obj</name>
      </input_file>
      <input_file id="fl-e8">
         <path>C:\ti\ccsv8\tools\compiler\ti-cgt-arm_18.1.4.LTS\lib\</path>
         <kind>archive</kind>
         <file>rtsv7M4_T_le_v4SPD16_eabi.lib</file>
         <name>div0.asm.obj</name>
      </input_file>
   </input_file_list>
   <object_component_list>
      <object_component id="oc-f">
         <name>.intvecs</name>
         <load_address>0x0</load_address>
         <run_address>0x0</run_address>
         <size>0x208</size>
         <input_file_ref idref="fl-3"/>
      </object_component>
      <object_component id="oc-229">
         <name>.text:__TI_printfi</name>
         <load_address>0x208</load_address>
         <run_address>0x208</run_address>
         <size>0xa5e</size>
         <input_file_ref idref="fl-d8"/>
      </object_component>
      <object_component id="oc-38b">
         <name>.text</name>
         <load_address>0xc66</load_address>
         <run_address>0xc66</run_address>
         <size>0x2</size>
         <input_file_ref idref="fl-e8"/>
      </object_component>
      <object_component id="oc-98">
         <name>.text</name>
         <load_address>0xc68</load_address>
         <run_address>0xc68</run_address>
         <size>0x2f4</size>
         <input_file_ref idref="fl-2"/>
      </object_component>
      <object_component id="oc-2ba">
         <name>.text:_pconv_a</name>
         <load_address>0xf5c</load_address>
         <run_address>0xf5c</run_address>
         <size>0x270</size>
         <input_file_ref idref="fl-d8"/>
      </object_component>
      <object_component id="oc-c6">
         <name>.text:SysCtlClockFreqSet</name>
         <load_address>0x11cc</load_address>
         <run_address>0x11cc</run_address>
         <size>0x200</size>
         <input_file_ref idref="fl-c"/>
      </object_component>
      <object_component id="oc-2a8">
         <name>.text:_pconv_g</name>
         <load_address>0x13cc</load_address>
         <run_address>0x13cc</run_address>
         <size>0x1d0</size>
         <input_file_ref idref="fl-d8"/>
      </object_component>
      <object_component id="oc-152">
         <name>.text</name>
         <load_address>0x159c</load_address>
         <run_address>0x159c</run_address>
         <size>0x1b6</size>
         <input_file_ref idref="fl-c5"/>
      </object_component>
      <object_component id="oc-2b4">
         <name>.text:_pconv_e</name>
         <load_address>0x1754</load_address>
         <run_address>0x1754</run_address>
         <size>0x13c</size>
         <input_file_ref idref="fl-d8"/>
      </object_component>
      <object_component id="oc-143">
         <name>.text</name>
         <load_address>0x1890</load_address>
         <run_address>0x1890</run_address>
         <size>0x136</size>
         <input_file_ref idref="fl-c6"/>
      </object_component>
      <object_component id="oc-1ee">
         <name>.text:GPIOPadConfigSet</name>
         <load_address>0x19c6</load_address>
         <run_address>0x19c6</run_address>
         <size>0x132</size>
         <input_file_ref idref="fl-a"/>
      </object_component>
      <object_component id="oc-335">
         <name>.text:fcvt</name>
         <load_address>0x1af8</load_address>
         <run_address>0x1af8</run_address>
         <size>0x124</size>
         <input_file_ref idref="fl-d8"/>
      </object_component>
      <object_component id="oc-349">
         <name>.text:scalbn</name>
         <load_address>0x1c1c</load_address>
         <run_address>0x1c1c</run_address>
         <size>0x110</size>
         <input_file_ref idref="fl-e1"/>
      </object_component>
      <object_component id="oc-13e">
         <name>.text</name>
         <load_address>0x1d2c</load_address>
         <run_address>0x1d2c</run_address>
         <size>0xfc</size>
         <input_file_ref idref="fl-c7"/>
      </object_component>
      <object_component id="oc-29d">
         <name>.text:_ltostr</name>
         <load_address>0x1e28</load_address>
         <run_address>0x1e28</run_address>
         <size>0xb1</size>
         <input_file_ref idref="fl-d8"/>
      </object_component>
      <object_component id="oc-38">
         <name>.text</name>
         <load_address>0x1eda</load_address>
         <run_address>0x1eda</run_address>
         <size>0x9c</size>
         <input_file_ref idref="fl-d3"/>
      </object_component>
      <object_component id="oc-30c">
         <name>.text</name>
         <load_address>0x1f76</load_address>
         <run_address>0x1f76</run_address>
         <size>0x96</size>
         <input_file_ref idref="fl-e5"/>
      </object_component>
      <object_component id="oc-2a3">
         <name>.text:__aeabi_cdcmple</name>
         <load_address>0x200c</load_address>
         <run_address>0x200c</run_address>
         <size>0x86</size>
         <input_file_ref idref="fl-e2"/>
      </object_component>
      <object_component id="oc-313">
         <name>.text:__aeabi_cdrcmple</name>
         <load_address>0x2092</load_address>
         <run_address>0x2092</run_address>
         <size>0x86</size>
         <input_file_ref idref="fl-e2"/>
      </object_component>
      <object_component id="oc-103">
         <name>.text:ADCSequenceStepConfigure</name>
         <load_address>0x2118</load_address>
         <run_address>0x2118</run_address>
         <size>0x7a</size>
         <input_file_ref idref="fl-9"/>
      </object_component>
      <object_component id="oc-8c">
         <name>.text</name>
         <load_address>0x2192</load_address>
         <run_address>0x2192</run_address>
         <size>0x7a</size>
         <input_file_ref idref="fl-d4"/>
      </object_component>
      <object_component id="oc-32e">
         <name>.text:_mcpy</name>
         <load_address>0x220c</load_address>
         <run_address>0x220c</run_address>
         <size>0x6e</size>
         <input_file_ref idref="fl-d8"/>
      </object_component>
      <object_component id="oc-148">
         <name>.text</name>
         <load_address>0x227a</load_address>
         <run_address>0x227a</run_address>
         <size>0x6e</size>
         <input_file_ref idref="fl-c8"/>
      </object_component>
      <object_component id="oc-115">
         <name>.text:IntEnable</name>
         <load_address>0x22e8</load_address>
         <run_address>0x22e8</run_address>
         <size>0x68</size>
         <input_file_ref idref="fl-b"/>
      </object_component>
      <object_component id="oc-12">
         <name>.text:decompress:lzss:__TI_decompress_lzss</name>
         <load_address>0x2350</load_address>
         <run_address>0x2350</run_address>
         <size>0x68</size>
         <input_file_ref idref="fl-cd"/>
      </object_component>
      <object_component id="oc-343">
         <name>.text:frexp</name>
         <load_address>0x23b8</load_address>
         <run_address>0x23b8</run_address>
         <size>0x64</size>
         <input_file_ref idref="fl-e0"/>
      </object_component>
      <object_component id="oc-d3">
         <name>.text:TimerConfigure</name>
         <load_address>0x241c</load_address>
         <run_address>0x241c</run_address>
         <size>0x60</size>
         <input_file_ref idref="fl-d"/>
      </object_component>
      <object_component id="oc-2ae">
         <name>.text:_pconv_f</name>
         <load_address>0x247c</load_address>
         <run_address>0x247c</run_address>
         <size>0x56</size>
         <input_file_ref idref="fl-d8"/>
      </object_component>
      <object_component id="oc-31d">
         <name>.text:ltoa</name>
         <load_address>0x24d2</load_address>
         <run_address>0x24d2</run_address>
         <size>0x54</size>
         <input_file_ref idref="fl-db"/>
      </object_component>
      <object_component id="oc-328">
         <name>.text:_ecpy</name>
         <load_address>0x2526</load_address>
         <run_address>0x2526</run_address>
         <size>0x52</size>
         <input_file_ref idref="fl-d8"/>
      </object_component>
      <object_component id="oc-fd">
         <name>.text:ADCSequenceConfigure</name>
         <load_address>0x2578</load_address>
         <run_address>0x2578</run_address>
         <size>0x50</size>
         <input_file_ref idref="fl-9"/>
      </object_component>
      <object_component id="oc-297">
         <name>.text:atoi</name>
         <load_address>0x25c8</load_address>
         <run_address>0x25c8</run_address>
         <size>0x4c</size>
         <input_file_ref idref="fl-d9"/>
      </object_component>
      <object_component id="oc-eb">
         <name>.text:GPIOPinConfigure</name>
         <load_address>0x2614</load_address>
         <run_address>0x2614</run_address>
         <size>0x48</size>
         <input_file_ref idref="fl-a"/>
      </object_component>
      <object_component id="oc-1ce">
         <name>.text:_SysCtlFrequencyGet</name>
         <load_address>0x265c</load_address>
         <run_address>0x265c</run_address>
         <size>0x48</size>
         <input_file_ref idref="fl-c"/>
      </object_component>
      <object_component id="oc-318">
         <name>.text</name>
         <load_address>0x26a4</load_address>
         <run_address>0x26a4</run_address>
         <size>0x48</size>
         <input_file_ref idref="fl-e3"/>
      </object_component>
      <object_component id="oc-f1">
         <name>.text:UARTConfigSetExpClk</name>
         <load_address>0x26ec</load_address>
         <run_address>0x26ec</run_address>
         <size>0x46</size>
         <input_file_ref idref="fl-e"/>
      </object_component>
      <object_component id="oc-194">
         <name>.text:__TI_auto_init_nobinit_nopinit:__TI_auto_init_nobinit_nopinit</name>
         <load_address>0x2734</load_address>
         <run_address>0x2734</run_address>
         <size>0x44</size>
         <input_file_ref idref="fl-d5"/>
      </object_component>
      <object_component id="oc-157">
         <name>.text:sprintf</name>
         <load_address>0x2778</load_address>
         <run_address>0x2778</run_address>
         <size>0x40</size>
         <input_file_ref idref="fl-d2"/>
      </object_component>
      <object_component id="oc-33b">
         <name>.text:_fcpy</name>
         <load_address>0x27b8</load_address>
         <run_address>0x27b8</run_address>
         <size>0x3e</size>
         <input_file_ref idref="fl-d8"/>
      </object_component>
      <object_component id="oc-56">
         <name>.text:_c_int00_noargs:_c_int00_noargs</name>
         <load_address>0x27f8</load_address>
         <run_address>0x27f8</run_address>
         <size>0x38</size>
         <input_file_ref idref="fl-ce"/>
      </object_component>
      <object_component id="oc-14d">
         <name>.text</name>
         <load_address>0x2830</load_address>
         <run_address>0x2830</run_address>
         <size>0x38</size>
         <input_file_ref idref="fl-c9"/>
      </object_component>
      <object_component id="oc-10f">
         <name>.text:IntRegister</name>
         <load_address>0x2868</load_address>
         <run_address>0x2868</run_address>
         <size>0x34</size>
         <input_file_ref idref="fl-b"/>
      </object_component>
      <object_component id="oc-cc">
         <name>.text:SysCtlPeripheralEnable</name>
         <load_address>0x289c</load_address>
         <run_address>0x289c</run_address>
         <size>0x34</size>
         <input_file_ref idref="fl-c"/>
      </object_component>
      <object_component id="oc-323">
         <name>.text</name>
         <load_address>0x28d0</load_address>
         <run_address>0x28d0</run_address>
         <size>0x2e</size>
         <input_file_ref idref="fl-e4"/>
      </object_component>
      <object_component id="oc-1e8">
         <name>.text:GPIODirModeSet</name>
         <load_address>0x28fe</load_address>
         <run_address>0x28fe</run_address>
         <size>0x2a</size>
         <input_file_ref idref="fl-a"/>
      </object_component>
      <object_component id="oc-1fb">
         <name>.text:UARTDisable</name>
         <load_address>0x2928</load_address>
         <run_address>0x2928</run_address>
         <size>0x20</size>
         <input_file_ref idref="fl-e"/>
      </object_component>
      <object_component id="oc-1c8">
         <name>.text:_SysCtlMemTimingGet</name>
         <load_address>0x2948</load_address>
         <run_address>0x2948</run_address>
         <size>0x20</size>
         <input_file_ref idref="fl-c"/>
      </object_component>
      <object_component id="oc-139">
         <name>.text</name>
         <load_address>0x2968</load_address>
         <run_address>0x2968</run_address>
         <size>0x20</size>
         <input_file_ref idref="fl-ca"/>
      </object_component>
      <object_component id="oc-175">
         <name>.text:ADCSequenceDataGet</name>
         <load_address>0x2988</load_address>
         <run_address>0x2988</run_address>
         <size>0x1e</size>
         <input_file_ref idref="fl-9"/>
      </object_component>
      <object_component id="oc-2c0">
         <name>.text:memccpy</name>
         <load_address>0x29a6</load_address>
         <run_address>0x29a6</run_address>
         <size>0x1c</size>
         <input_file_ref idref="fl-dc"/>
      </object_component>
      <object_component id="oc-169">
         <name>.text:ADCProcessorTrigger</name>
         <load_address>0x29c2</load_address>
         <run_address>0x29c2</run_address>
         <size>0x18</size>
         <input_file_ref idref="fl-9"/>
      </object_component>
      <object_component id="oc-17b">
         <name>.text:TimerDisable</name>
         <load_address>0x29dc</load_address>
         <run_address>0x29dc</run_address>
         <size>0x18</size>
         <input_file_ref idref="fl-d"/>
      </object_component>
      <object_component id="oc-22f">
         <name>.text:_outs</name>
         <load_address>0x29f4</load_address>
         <run_address>0x29f4</run_address>
         <size>0x18</size>
         <input_file_ref idref="fl-d2"/>
      </object_component>
      <object_component id="oc-34f">
         <name>.text:strchr</name>
         <load_address>0x2a0c</load_address>
         <run_address>0x2a0c</run_address>
         <size>0x16</size>
         <input_file_ref idref="fl-dd"/>
      </object_component>
      <object_component id="oc-201">
         <name>.text:UARTEnable</name>
         <load_address>0x2a22</load_address>
         <run_address>0x2a22</run_address>
         <size>0x14</size>
         <input_file_ref idref="fl-e"/>
      </object_component>
      <object_component id="oc-3a1">
         <name>.text:copysign</name>
         <load_address>0x2a36</load_address>
         <run_address>0x2a36</run_address>
         <size>0x14</size>
         <input_file_ref idref="fl-e7"/>
      </object_component>
      <object_component id="oc-291">
         <name>.text:strlen</name>
         <load_address>0x2a4a</load_address>
         <run_address>0x2a4a</run_address>
         <size>0x14</size>
         <input_file_ref idref="fl-de"/>
      </object_component>
      <object_component id="oc-e5">
         <name>.text:GPIOPinTypeADC</name>
         <load_address>0x2a5e</load_address>
         <run_address>0x2a5e</run_address>
         <size>0x12</size>
         <input_file_ref idref="fl-a"/>
      </object_component>
      <object_component id="oc-df">
         <name>.text:GPIOPinTypeUART</name>
         <load_address>0x2a70</load_address>
         <run_address>0x2a70</run_address>
         <size>0x12</size>
         <input_file_ref idref="fl-a"/>
      </object_component>
      <object_component id="oc-d9">
         <name>.text:TimerLoadSet</name>
         <load_address>0x2a82</load_address>
         <run_address>0x2a82</run_address>
         <size>0x12</size>
         <input_file_ref idref="fl-d"/>
      </object_component>
      <object_component id="oc-2c6">
         <name>.text:wcslen</name>
         <load_address>0x2a94</load_address>
         <run_address>0x2a94</run_address>
         <size>0x12</size>
         <input_file_ref idref="fl-df"/>
      </object_component>
      <object_component id="oc-121">
         <name>.text:ADCIntEnable</name>
         <load_address>0x2aa6</load_address>
         <run_address>0x2aa6</run_address>
         <size>0x10</size>
         <input_file_ref idref="fl-9"/>
      </object_component>
      <object_component id="oc-127">
         <name>.text:IntMasterEnable</name>
         <load_address>0x2ab6</load_address>
         <run_address>0x2ab6</run_address>
         <size>0x10</size>
         <input_file_ref idref="fl-b"/>
      </object_component>
      <object_component id="oc-109">
         <name>.text:ADCSequenceEnable</name>
         <load_address>0x2ac6</load_address>
         <run_address>0x2ac6</run_address>
         <size>0xe</size>
         <input_file_ref idref="fl-9"/>
      </object_component>
      <object_component id="oc-12d">
         <name>.text:TimerEnable</name>
         <load_address>0x2ad4</load_address>
         <run_address>0x2ad4</run_address>
         <size>0xe</size>
         <input_file_ref idref="fl-d"/>
      </object_component>
      <object_component id="oc-18">
         <name>.text:decompress:none:__TI_decompress_none</name>
         <load_address>0x2ae2</load_address>
         <run_address>0x2ae2</run_address>
         <size>0xe</size>
         <input_file_ref idref="fl-cc"/>
      </object_component>
      <object_component id="oc-f7">
         <name>.text:ADCReferenceSet</name>
         <load_address>0x2af0</load_address>
         <run_address>0x2af0</run_address>
         <size>0xc</size>
         <input_file_ref idref="fl-9"/>
      </object_component>
      <object_component id="oc-21a">
         <name>.text:CPUcpsie</name>
         <load_address>0x2afc</load_address>
         <run_address>0x2afc</run_address>
         <size>0xc</size>
         <input_file_ref idref="fl-f"/>
      </object_component>
      <object_component id="oc-4a">
         <name>.text:decompress:ZI:__TI_zero_init</name>
         <load_address>0x2b08</load_address>
         <run_address>0x2b08</run_address>
         <size>0xc</size>
         <input_file_ref idref="fl-cb"/>
      </object_component>
      <object_component id="oc-24">
         <name>.text</name>
         <load_address>0x2b14</load_address>
         <run_address>0x2b14</run_address>
         <size>0xc</size>
         <input_file_ref idref="fl-3"/>
      </object_component>
      <object_component id="oc-16f">
         <name>.text:ADCIntClear</name>
         <load_address>0x2b20</load_address>
         <run_address>0x2b20</run_address>
         <size>0xa</size>
         <input_file_ref idref="fl-9"/>
      </object_component>
      <object_component id="oc-15d">
         <name>.text:UARTCharPut</name>
         <load_address>0x2b2a</load_address>
         <run_address>0x2b2a</run_address>
         <size>0xa</size>
         <input_file_ref idref="fl-e"/>
      </object_component>
      <object_component id="oc-235">
         <name>.text:_outc</name>
         <load_address>0x2b34</load_address>
         <run_address>0x2b34</run_address>
         <size>0xa</size>
         <input_file_ref idref="fl-d2"/>
      </object_component>
      <object_component id="oc-11b">
         <name>.text:TimerIntEnable</name>
         <load_address>0x2b3e</load_address>
         <run_address>0x2b3e</run_address>
         <size>0x8</size>
         <input_file_ref idref="fl-d"/>
      </object_component>
      <object_component id="oc-133">
         <name>.text:UARTIntEnable</name>
         <load_address>0x2b46</load_address>
         <run_address>0x2b46</run_address>
         <size>0x8</size>
         <input_file_ref idref="fl-e"/>
      </object_component>
      <object_component id="oc-2cc">
         <name>.text:__aeabi_errno_addr</name>
         <load_address>0x2b50</load_address>
         <run_address>0x2b50</run_address>
         <size>0x8</size>
         <input_file_ref idref="fl-e6"/>
      </object_component>
      <object_component id="oc-d2">
         <name>.text:SysCtlDelay</name>
         <load_address>0x2b58</load_address>
         <run_address>0x2b58</run_address>
         <size>0x6</size>
         <input_file_ref idref="fl-c"/>
      </object_component>
      <object_component id="oc-163">
         <name>.text:TimerIntClear</name>
         <load_address>0x2b5e</load_address>
         <run_address>0x2b5e</run_address>
         <size>0x4</size>
         <input_file_ref idref="fl-d"/>
      </object_component>
      <object_component id="oc-92">
         <name>.text:_system_pre_init</name>
         <load_address>0x2b62</load_address>
         <run_address>0x2b62</run_address>
         <size>0x4</size>
         <input_file_ref idref="fl-d6"/>
      </object_component>
      <object_component id="oc-188">
         <name>.text:abort:abort</name>
         <load_address>0x2b66</load_address>
         <run_address>0x2b66</run_address>
         <size>0x4</size>
         <input_file_ref idref="fl-cf"/>
      </object_component>
      <object_component id="oc-1d7">
         <name>.const:g_pppui32XTALtoVCO</name>
         <load_address>0x2b6c</load_address>
         <run_address>0x2b6c</run_address>
         <size>0x1b0</size>
         <input_file_ref idref="fl-c"/>
      </object_component>
      <object_component id="oc-307">
         <name>.const:.string:_ctypes_</name>
         <load_address>0x2d1c</load_address>
         <run_address>0x2d1c</run_address>
         <size>0x101</size>
         <input_file_ref idref="fl-da"/>
      </object_component>
      <object_component id="oc-1f6">
         <name>.const:g_pui32GPIOBaseAddrs</name>
         <load_address>0x2e20</load_address>
         <run_address>0x2e20</run_address>
         <size>0x90</size>
         <input_file_ref idref="fl-a"/>
      </object_component>
      <object_component id="oc-214">
         <name>.const</name>
         <load_address>0x2eb0</load_address>
         <run_address>0x2eb0</run_address>
         <size>0x70</size>
         <input_file_ref idref="fl-b"/>
      </object_component>
      <object_component id="oc-1d4">
         <name>.const:g_pui32Xtals</name>
         <load_address>0x2f20</load_address>
         <run_address>0x2f20</run_address>
         <size>0x6c</size>
         <input_file_ref idref="fl-c"/>
      </object_component>
      <object_component id="oc-26a">
         <name>.const:g_sXTALtoMEMTIM</name>
         <load_address>0x2f8c</load_address>
         <run_address>0x2f8c</run_address>
         <size>0x30</size>
         <input_file_ref idref="fl-c"/>
      </object_component>
      <object_component id="oc-1da">
         <name>.const</name>
         <load_address>0x2fbc</load_address>
         <run_address>0x2fbc</run_address>
         <size>0x8</size>
         <input_file_ref idref="fl-c"/>
      </object_component>
      <object_component id="oc-3f8">
         <name>.cinit..data.load</name>
         <load_address>0x2fc8</load_address>
         <run_address>0x2fc8</run_address>
         <size>0xe</size>
      </object_component>
      <object_component id="oc-3f5">
         <name>__TI_handler_table</name>
         <load_address>0x2fd8</load_address>
         <run_address>0x2fd8</run_address>
         <size>0xc</size>
      </object_component>
      <object_component id="oc-3f9">
         <name>.cinit..bss.load</name>
         <load_address>0x2fe8</load_address>
         <run_address>0x2fe8</run_address>
         <size>0x8</size>
      </object_component>
      <object_component id="oc-3f7">
         <name>.cinit..vtable.load</name>
         <load_address>0x2ff0</load_address>
         <run_address>0x2ff0</run_address>
         <size>0x8</size>
      </object_component>
      <object_component id="oc-3f6">
         <name>__TI_cinit_table</name>
         <load_address>0x2ff8</load_address>
         <run_address>0x2ff8</run_address>
         <size>0x18</size>
      </object_component>
      <object_component id="oc-20f">
         <name>.vtable</name>
         <uninitialized>true</uninitialized>
         <run_address>0x20000000</run_address>
         <size>0x26c</size>
         <input_file_ref idref="fl-b"/>
      </object_component>
      <object_component id="oc-181">
         <name>.data</name>
         <load_address>0x20001ef8</load_address>
         <run_address>0x20001ef8</run_address>
         <size>0xc</size>
         <input_file_ref idref="fl-2"/>
      </object_component>
      <object_component id="oc-35f">
         <name>.data</name>
         <load_address>0x20001f04</load_address>
         <run_address>0x20001f04</run_address>
         <size>0x4</size>
         <input_file_ref idref="fl-e6"/>
      </object_component>
      <object_component id="oc-184">
         <name>.common:Samples1</name>
         <uninitialized>true</uninitialized>
         <run_address>0x20001270</run_address>
         <size>0xc80</size>
      </object_component>
      <object_component id="oc-185">
         <name>.common:Vout</name>
         <uninitialized>true</uninitialized>
         <run_address>0x20001ef4</run_address>
         <size>0x4</size>
      </object_component>
      <object_component id="oc-186">
         <name>.common:Temp</name>
         <uninitialized>true</uninitialized>
         <run_address>0x20001ef0</run_address>
         <size>0x4</size>
      </object_component>
      <object_component id="oc-21">
         <name>.stack</name>
         <uninitialized>true</uninitialized>
         <run_address>0x20000270</run_address>
         <size>0x4</size>
         <input_file_ref idref="fl-ce"/>
      </object_component>
      <object_component id="oc-3fa">
         <name>.stack</name>
         <uninitialized>true</uninitialized>
         <run_address>0x20000270</run_address>
         <size>0x0</size>
      </object_component>
      <object_component id="oc-b4">
         <name>.debug_info</name>
         <load_address>0x0</load_address>
         <run_address>0x0</run_address>
         <size>0x8c7</size>
         <input_file_ref idref="fl-2"/>
      </object_component>
      <object_component id="oc-182">
         <name>.debug_info</name>
         <load_address>0x8c7</load_address>
         <run_address>0x8c7</run_address>
         <size>0x116</size>
         <input_file_ref idref="fl-2"/>
      </object_component>
      <object_component id="oc-99">
         <name>.debug_info</name>
         <load_address>0x9dd</load_address>
         <run_address>0x9dd</run_address>
         <size>0x6a6</size>
         <input_file_ref idref="fl-2"/>
      </object_component>
      <object_component id="oc-6d">
         <name>.debug_info</name>
         <load_address>0x1083</load_address>
         <run_address>0x1083</run_address>
         <size>0x26b</size>
         <input_file_ref idref="fl-2"/>
      </object_component>
      <object_component id="oc-af">
         <name>.debug_info</name>
         <load_address>0x12ee</load_address>
         <run_address>0x12ee</run_address>
         <size>0x8b</size>
         <input_file_ref idref="fl-2"/>
      </object_component>
      <object_component id="oc-aa">
         <name>.debug_info</name>
         <load_address>0x1379</load_address>
         <run_address>0x1379</run_address>
         <size>0x297</size>
         <input_file_ref idref="fl-2"/>
      </object_component>
      <object_component id="oc-72">
         <name>.debug_info</name>
         <load_address>0x1610</load_address>
         <run_address>0x1610</run_address>
         <size>0xbb</size>
         <input_file_ref idref="fl-2"/>
      </object_component>
      <object_component id="oc-23d">
         <name>.debug_info</name>
         <load_address>0x16cb</load_address>
         <run_address>0x16cb</run_address>
         <size>0x2c</size>
         <input_file_ref idref="fl-2"/>
      </object_component>
      <object_component id="oc-2c">
         <name>.debug_info</name>
         <load_address>0x16f7</load_address>
         <run_address>0x16f7</run_address>
         <size>0x297</size>
         <input_file_ref idref="fl-3"/>
      </object_component>
      <object_component id="oc-10">
         <name>.debug_info</name>
         <load_address>0x198e</load_address>
         <run_address>0x198e</run_address>
         <size>0xd6</size>
         <input_file_ref idref="fl-3"/>
      </object_component>
      <object_component id="oc-25">
         <name>.debug_info</name>
         <load_address>0x1a64</load_address>
         <run_address>0x1a64</run_address>
         <size>0x255</size>
         <input_file_ref idref="fl-3"/>
      </object_component>
      <object_component id="oc-33">
         <name>.debug_info</name>
         <load_address>0x1cb9</load_address>
         <run_address>0x1cb9</run_address>
         <size>0x84</size>
         <input_file_ref idref="fl-3"/>
      </object_component>
      <object_component id="oc-20a">
         <name>.debug_info</name>
         <load_address>0x1d3d</load_address>
         <run_address>0x1d3d</run_address>
         <size>0x24d</size>
         <input_file_ref idref="fl-9"/>
      </object_component>
      <object_component id="oc-104">
         <name>.debug_info</name>
         <load_address>0x1f8a</load_address>
         <run_address>0x1f8a</run_address>
         <size>0x333</size>
         <input_file_ref idref="fl-9"/>
      </object_component>
      <object_component id="oc-10a">
         <name>.debug_info</name>
         <load_address>0x22bd</load_address>
         <run_address>0x22bd</run_address>
         <size>0x2a0</size>
         <input_file_ref idref="fl-9"/>
      </object_component>
      <object_component id="oc-176">
         <name>.debug_info</name>
         <load_address>0x255d</load_address>
         <run_address>0x255d</run_address>
         <size>0x2ff</size>
         <input_file_ref idref="fl-9"/>
      </object_component>
      <object_component id="oc-fe">
         <name>.debug_info</name>
         <load_address>0x285c</load_address>
         <run_address>0x285c</run_address>
         <size>0x326</size>
         <input_file_ref idref="fl-9"/>
      </object_component>
      <object_component id="oc-f8">
         <name>.debug_info</name>
         <load_address>0x2b82</load_address>
         <run_address>0x2b82</run_address>
         <size>0x27c</size>
         <input_file_ref idref="fl-9"/>
      </object_component>
      <object_component id="oc-16a">
         <name>.debug_info</name>
         <load_address>0x2dfe</load_address>
         <run_address>0x2dfe</run_address>
         <size>0x2a4</size>
         <input_file_ref idref="fl-9"/>
      </object_component>
      <object_component id="oc-122">
         <name>.debug_info</name>
         <load_address>0x30a2</load_address>
         <run_address>0x30a2</run_address>
         <size>0x296</size>
         <input_file_ref idref="fl-9"/>
      </object_component>
      <object_component id="oc-170">
         <name>.debug_info</name>
         <load_address>0x3338</load_address>
         <run_address>0x3338</run_address>
         <size>0x294</size>
         <input_file_ref idref="fl-9"/>
      </object_component>
      <object_component id="oc-1de">
         <name>.debug_info</name>
         <load_address>0x35cc</load_address>
         <run_address>0x35cc</run_address>
         <size>0x18b</size>
         <input_file_ref idref="fl-9"/>
      </object_component>
      <object_component id="oc-1fa">
         <name>.debug_info</name>
         <load_address>0x3757</load_address>
         <run_address>0x3757</run_address>
         <size>0x240</size>
         <input_file_ref idref="fl-a"/>
      </object_component>
      <object_component id="oc-1f7">
         <name>.debug_info</name>
         <load_address>0x3997</load_address>
         <run_address>0x3997</run_address>
         <size>0x15b</size>
         <input_file_ref idref="fl-a"/>
      </object_component>
      <object_component id="oc-1eb">
         <name>.debug_info</name>
         <load_address>0x3af2</load_address>
         <run_address>0x3af2</run_address>
         <size>0x2b3</size>
         <input_file_ref idref="fl-a"/>
      </object_component>
      <object_component id="oc-1f1">
         <name>.debug_info</name>
         <load_address>0x3da5</load_address>
         <run_address>0x3da5</run_address>
         <size>0x316</size>
         <input_file_ref idref="fl-a"/>
      </object_component>
      <object_component id="oc-e2">
         <name>.debug_info</name>
         <load_address>0x40bb</load_address>
         <run_address>0x40bb</run_address>
         <size>0x27b</size>
         <input_file_ref idref="fl-a"/>
      </object_component>
      <object_component id="oc-e8">
         <name>.debug_info</name>
         <load_address>0x4336</load_address>
         <run_address>0x4336</run_address>
         <size>0x279</size>
         <input_file_ref idref="fl-a"/>
      </object_component>
      <object_component id="oc-ee">
         <name>.debug_info</name>
         <load_address>0x45af</load_address>
         <run_address>0x45af</run_address>
         <size>0x280</size>
         <input_file_ref idref="fl-a"/>
      </object_component>
      <object_component id="oc-213">
         <name>.debug_info</name>
         <load_address>0x482f</load_address>
         <run_address>0x482f</run_address>
         <size>0x20e</size>
         <input_file_ref idref="fl-b"/>
      </object_component>
      <object_component id="oc-215">
         <name>.debug_info</name>
         <load_address>0x4a3d</load_address>
         <run_address>0x4a3d</run_address>
         <size>0x210</size>
         <input_file_ref idref="fl-b"/>
      </object_component>
      <object_component id="oc-210">
         <name>.debug_info</name>
         <load_address>0x4c4d</load_address>
         <run_address>0x4c4d</run_address>
         <size>0x157</size>
         <input_file_ref idref="fl-b"/>
      </object_component>
      <object_component id="oc-111">
         <name>.debug_info</name>
         <load_address>0x4da4</load_address>
         <run_address>0x4da4</run_address>
         <size>0x2c1</size>
         <input_file_ref idref="fl-b"/>
      </object_component>
      <object_component id="oc-129">
         <name>.debug_info</name>
         <load_address>0x5065</load_address>
         <run_address>0x5065</run_address>
         <size>0x23e</size>
         <input_file_ref idref="fl-b"/>
      </object_component>
      <object_component id="oc-117">
         <name>.debug_info</name>
         <load_address>0x52a3</load_address>
         <run_address>0x52a3</run_address>
         <size>0x268</size>
         <input_file_ref idref="fl-b"/>
      </object_component>
      <object_component id="oc-1e3">
         <name>.debug_info</name>
         <load_address>0x550b</load_address>
         <run_address>0x550b</run_address>
         <size>0x298</size>
         <input_file_ref idref="fl-c"/>
      </object_component>
      <object_component id="oc-1d5">
         <name>.debug_info</name>
         <load_address>0x57a3</load_address>
         <run_address>0x57a3</run_address>
         <size>0x14d</size>
         <input_file_ref idref="fl-c"/>
      </object_component>
      <object_component id="oc-1d8">
         <name>.debug_info</name>
         <load_address>0x58f0</load_address>
         <run_address>0x58f0</run_address>
         <size>0x159</size>
         <input_file_ref idref="fl-c"/>
      </object_component>
      <object_component id="oc-26b">
         <name>.debug_info</name>
         <load_address>0x5a49</load_address>
         <run_address>0x5a49</run_address>
         <size>0x153</size>
         <input_file_ref idref="fl-c"/>
      </object_component>
      <object_component id="oc-1db">
         <name>.debug_info</name>
         <load_address>0x5b9c</load_address>
         <run_address>0x5b9c</run_address>
         <size>0x160</size>
         <input_file_ref idref="fl-c"/>
      </object_component>
      <object_component id="oc-cd">
         <name>.debug_info</name>
         <load_address>0x5cfc</load_address>
         <run_address>0x5cfc</run_address>
         <size>0x27d</size>
         <input_file_ref idref="fl-c"/>
      </object_component>
      <object_component id="oc-1c9">
         <name>.debug_info</name>
         <load_address>0x5f79</load_address>
         <run_address>0x5f79</run_address>
         <size>0x270</size>
         <input_file_ref idref="fl-c"/>
      </object_component>
      <object_component id="oc-1cf">
         <name>.debug_info</name>
         <load_address>0x61e9</load_address>
         <run_address>0x61e9</run_address>
         <size>0x2ba</size>
         <input_file_ref idref="fl-c"/>
      </object_component>
      <object_component id="oc-c7">
         <name>.debug_info</name>
         <load_address>0x64a3</load_address>
         <run_address>0x64a3</run_address>
         <size>0x49a</size>
         <input_file_ref idref="fl-c"/>
      </object_component>
      <object_component id="oc-277">
         <name>.debug_info</name>
         <load_address>0x693d</load_address>
         <run_address>0x693d</run_address>
         <size>0x5f</size>
         <input_file_ref idref="fl-c"/>
      </object_component>
      <object_component id="oc-1e6">
         <name>.debug_info</name>
         <load_address>0x699c</load_address>
         <run_address>0x699c</run_address>
         <size>0x223</size>
         <input_file_ref idref="fl-d"/>
      </object_component>
      <object_component id="oc-dc">
         <name>.debug_info</name>
         <load_address>0x6bbf</load_address>
         <run_address>0x6bbf</run_address>
         <size>0x2ba</size>
         <input_file_ref idref="fl-d"/>
      </object_component>
      <object_component id="oc-11e">
         <name>.debug_info</name>
         <load_address>0x6e79</load_address>
         <run_address>0x6e79</run_address>
         <size>0x294</size>
         <input_file_ref idref="fl-d"/>
      </object_component>
      <object_component id="oc-166">
         <name>.debug_info</name>
         <load_address>0x710d</load_address>
         <run_address>0x710d</run_address>
         <size>0x292</size>
         <input_file_ref idref="fl-d"/>
      </object_component>
      <object_component id="oc-130">
         <name>.debug_info</name>
         <load_address>0x739f</load_address>
         <run_address>0x739f</run_address>
         <size>0x27f</size>
         <input_file_ref idref="fl-d"/>
      </object_component>
      <object_component id="oc-17e">
         <name>.debug_info</name>
         <load_address>0x761e</load_address>
         <run_address>0x761e</run_address>
         <size>0x281</size>
         <input_file_ref idref="fl-d"/>
      </object_component>
      <object_component id="oc-d5">
         <name>.debug_info</name>
         <load_address>0x789f</load_address>
         <run_address>0x789f</run_address>
         <size>0x28c</size>
         <input_file_ref idref="fl-d"/>
      </object_component>
      <object_component id="oc-208">
         <name>.debug_info</name>
         <load_address>0x7b2b</load_address>
         <run_address>0x7b2b</run_address>
         <size>0x227</size>
         <input_file_ref idref="fl-e"/>
      </object_component>
      <object_component id="oc-134">
         <name>.debug_info</name>
         <load_address>0x7d52</load_address>
         <run_address>0x7d52</run_address>
         <size>0x28f</size>
         <input_file_ref idref="fl-e"/>
      </object_component>
      <object_component id="oc-202">
         <name>.debug_info</name>
         <load_address>0x7fe1</load_address>
         <run_address>0x7fe1</run_address>
         <size>0x247</size>
         <input_file_ref idref="fl-e"/>
      </object_component>
      <object_component id="oc-1fc">
         <name>.debug_info</name>
         <load_address>0x8228</load_address>
         <run_address>0x8228</run_address>
         <size>0x249</size>
         <input_file_ref idref="fl-e"/>
      </object_component>
      <object_component id="oc-f2">
         <name>.debug_info</name>
         <load_address>0x8471</load_address>
         <run_address>0x8471</run_address>
         <size>0x326</size>
         <input_file_ref idref="fl-e"/>
      </object_component>
      <object_component id="oc-15e">
         <name>.debug_info</name>
         <load_address>0x8797</load_address>
         <run_address>0x8797</run_address>
         <size>0x273</size>
         <input_file_ref idref="fl-e"/>
      </object_component>
      <object_component id="oc-21b">
         <name>.debug_info</name>
         <load_address>0x8a0a</load_address>
         <run_address>0x8a0a</run_address>
         <size>0x212</size>
         <input_file_ref idref="fl-f"/>
      </object_component>
      <object_component id="oc-153">
         <name>.debug_info</name>
         <load_address>0x8c1c</load_address>
         <run_address>0x8c1c</run_address>
         <size>0x14f</size>
         <input_file_ref idref="fl-c5"/>
      </object_component>
      <object_component id="oc-144">
         <name>.debug_info</name>
         <load_address>0x8d6b</load_address>
         <run_address>0x8d6b</run_address>
         <size>0x13d</size>
         <input_file_ref idref="fl-c6"/>
      </object_component>
      <object_component id="oc-140">
         <name>.debug_info</name>
         <load_address>0x8ea8</load_address>
         <run_address>0x8ea8</run_address>
         <size>0x13d</size>
         <input_file_ref idref="fl-c7"/>
      </object_component>
      <object_component id="oc-14a">
         <name>.debug_info</name>
         <load_address>0x8fe5</load_address>
         <run_address>0x8fe5</run_address>
         <size>0x141</size>
         <input_file_ref idref="fl-c8"/>
      </object_component>
      <object_component id="oc-14e">
         <name>.debug_info</name>
         <load_address>0x9126</load_address>
         <run_address>0x9126</run_address>
         <size>0x12f</size>
         <input_file_ref idref="fl-c9"/>
      </object_component>
      <object_component id="oc-13b">
         <name>.debug_info</name>
         <load_address>0x9255</load_address>
         <run_address>0x9255</run_address>
         <size>0x131</size>
         <input_file_ref idref="fl-ca"/>
      </object_component>
      <object_component id="oc-8b">
         <name>.debug_info</name>
         <load_address>0x9386</load_address>
         <run_address>0x9386</run_address>
         <size>0x31e</size>
         <input_file_ref idref="fl-cb"/>
      </object_component>
      <object_component id="oc-4b">
         <name>.debug_info</name>
         <load_address>0x96a4</load_address>
         <run_address>0x96a4</run_address>
         <size>0x1b5</size>
         <input_file_ref idref="fl-cb"/>
      </object_component>
      <object_component id="oc-86">
         <name>.debug_info</name>
         <load_address>0x9859</load_address>
         <run_address>0x9859</run_address>
         <size>0x46</size>
         <input_file_ref idref="fl-cb"/>
      </object_component>
      <object_component id="oc-bd">
         <name>.debug_info</name>
         <load_address>0x989f</load_address>
         <run_address>0x989f</run_address>
         <size>0x2c</size>
         <input_file_ref idref="fl-cb"/>
      </object_component>
      <object_component id="oc-43">
         <name>.debug_info</name>
         <load_address>0x98cb</load_address>
         <run_address>0x98cb</run_address>
         <size>0x2a8</size>
         <input_file_ref idref="fl-cc"/>
      </object_component>
      <object_component id="oc-19">
         <name>.debug_info</name>
         <load_address>0x9b73</load_address>
         <run_address>0x9b73</run_address>
         <size>0x1ea</size>
         <input_file_ref idref="fl-cc"/>
      </object_component>
      <object_component id="oc-3e">
         <name>.debug_info</name>
         <load_address>0x9d5d</load_address>
         <run_address>0x9d5d</run_address>
         <size>0x46</size>
         <input_file_ref idref="fl-cc"/>
      </object_component>
      <object_component id="oc-7e">
         <name>.debug_info</name>
         <load_address>0x9da3</load_address>
         <run_address>0x9da3</run_address>
         <size>0x2c</size>
         <input_file_ref idref="fl-cc"/>
      </object_component>
      <object_component id="oc-7c">
         <name>.debug_info</name>
         <load_address>0x9dcf</load_address>
         <run_address>0x9dcf</run_address>
         <size>0x29e</size>
         <input_file_ref idref="fl-cd"/>
      </object_component>
      <object_component id="oc-13">
         <name>.debug_info</name>
         <load_address>0xa06d</load_address>
         <run_address>0xa06d</run_address>
         <size>0x250</size>
         <input_file_ref idref="fl-cd"/>
      </object_component>
      <object_component id="oc-2e">
         <name>.debug_info</name>
         <load_address>0xa2bd</load_address>
         <run_address>0xa2bd</run_address>
         <size>0x60</size>
         <input_file_ref idref="fl-cd"/>
      </object_component>
      <object_component id="oc-b6">
         <name>.debug_info</name>
         <load_address>0xa31d</load_address>
         <run_address>0xa31d</run_address>
         <size>0x46</size>
         <input_file_ref idref="fl-cd"/>
      </object_component>
      <object_component id="oc-77">
         <name>.debug_info</name>
         <load_address>0xa363</load_address>
         <run_address>0xa363</run_address>
         <size>0x39</size>
         <input_file_ref idref="fl-cd"/>
      </object_component>
      <object_component id="oc-22">
         <name>.debug_info</name>
         <load_address>0xa39c</load_address>
         <run_address>0xa39c</run_address>
         <size>0x10b</size>
         <input_file_ref idref="fl-ce"/>
      </object_component>
      <object_component id="oc-57">
         <name>.debug_info</name>
         <load_address>0xa4a7</load_address>
         <run_address>0xa4a7</run_address>
         <size>0x1af</size>
         <input_file_ref idref="fl-ce"/>
      </object_component>
      <object_component id="oc-189">
         <name>.debug_info</name>
         <load_address>0xa656</load_address>
         <run_address>0xa656</run_address>
         <size>0x122</size>
         <input_file_ref idref="fl-cf"/>
      </object_component>
      <object_component id="oc-23c">
         <name>.debug_info</name>
         <load_address>0xa778</load_address>
         <run_address>0xa778</run_address>
         <size>0x333</size>
         <input_file_ref idref="fl-d2"/>
      </object_component>
      <object_component id="oc-159">
         <name>.debug_info</name>
         <load_address>0xaaab</load_address>
         <run_address>0xaaab</run_address>
         <size>0x1d1</size>
         <input_file_ref idref="fl-d2"/>
      </object_component>
      <object_component id="oc-231">
         <name>.debug_info</name>
         <load_address>0xac7c</load_address>
         <run_address>0xac7c</run_address>
         <size>0x18d</size>
         <input_file_ref idref="fl-d2"/>
      </object_component>
      <object_component id="oc-237">
         <name>.debug_info</name>
         <load_address>0xae09</load_address>
         <run_address>0xae09</run_address>
         <size>0x16d</size>
         <input_file_ref idref="fl-d2"/>
      </object_component>
      <object_component id="oc-366">
         <name>.debug_info</name>
         <load_address>0xaf76</load_address>
         <run_address>0xaf76</run_address>
         <size>0x2c</size>
         <input_file_ref idref="fl-d2"/>
      </object_component>
      <object_component id="oc-3a">
         <name>.debug_info</name>
         <load_address>0xafa2</load_address>
         <run_address>0xafa2</run_address>
         <size>0x11c</size>
         <input_file_ref idref="fl-d3"/>
      </object_component>
      <object_component id="oc-8e">
         <name>.debug_info</name>
         <load_address>0xb0be</load_address>
         <run_address>0xb0be</run_address>
         <size>0x14a</size>
         <input_file_ref idref="fl-d4"/>
      </object_component>
      <object_component id="oc-255">
         <name>.debug_info</name>
         <load_address>0xb208</load_address>
         <run_address>0xb208</run_address>
         <size>0x552</size>
         <input_file_ref idref="fl-d5"/>
      </object_component>
      <object_component id="oc-195">
         <name>.debug_info</name>
         <load_address>0xb75a</load_address>
         <run_address>0xb75a</run_address>
         <size>0x1a6</size>
         <input_file_ref idref="fl-d5"/>
      </object_component>
      <object_component id="oc-2f2">
         <name>.debug_info</name>
         <load_address>0xb900</load_address>
         <run_address>0xb900</run_address>
         <size>0x39</size>
         <input_file_ref idref="fl-d5"/>
      </object_component>
      <object_component id="oc-378">
         <name>.debug_info</name>
         <load_address>0xb939</load_address>
         <run_address>0xb939</run_address>
         <size>0x39</size>
         <input_file_ref idref="fl-d5"/>
      </object_component>
      <object_component id="oc-2f7">
         <name>.debug_info</name>
         <load_address>0xb972</load_address>
         <run_address>0xb972</run_address>
         <size>0x39</size>
         <input_file_ref idref="fl-d5"/>
      </object_component>
      <object_component id="oc-2fc">
         <name>.debug_info</name>
         <load_address>0xb9ab</load_address>
         <run_address>0xb9ab</run_address>
         <size>0xcd</size>
         <input_file_ref idref="fl-d5"/>
      </object_component>
      <object_component id="oc-93">
         <name>.debug_info</name>
         <load_address>0xba78</load_address>
         <run_address>0xba78</run_address>
         <size>0x153</size>
         <input_file_ref idref="fl-d6"/>
      </object_component>
      <object_component id="oc-2d3">
         <name>.debug_info</name>
         <load_address>0xbbcb</load_address>
         <run_address>0xbbcb</run_address>
         <size>0x8b1</size>
         <input_file_ref idref="fl-d8"/>
      </object_component>
      <object_component id="oc-29e">
         <name>.debug_info</name>
         <load_address>0xc47c</load_address>
         <run_address>0xc47c</run_address>
         <size>0x21e</size>
         <input_file_ref idref="fl-d8"/>
      </object_component>
      <object_component id="oc-329">
         <name>.debug_info</name>
         <load_address>0xc69a</load_address>
         <run_address>0xc69a</run_address>
         <size>0x1b3</size>
         <input_file_ref idref="fl-d8"/>
      </object_component>
      <object_component id="oc-32f">
         <name>.debug_info</name>
         <load_address>0xc84d</load_address>
         <run_address>0xc84d</run_address>
         <size>0x21b</size>
         <input_file_ref idref="fl-d8"/>
      </object_component>
      <object_component id="oc-2a9">
         <name>.debug_info</name>
         <load_address>0xca68</load_address>
         <run_address>0xca68</run_address>
         <size>0x3bb</size>
         <input_file_ref idref="fl-d8"/>
      </object_component>
      <object_component id="oc-336">
         <name>.debug_info</name>
         <load_address>0xce23</load_address>
         <run_address>0xce23</run_address>
         <size>0x305</size>
         <input_file_ref idref="fl-d8"/>
      </object_component>
      <object_component id="oc-33c">
         <name>.debug_info</name>
         <load_address>0xd128</load_address>
         <run_address>0xd128</run_address>
         <size>0x215</size>
         <input_file_ref idref="fl-d8"/>
      </object_component>
      <object_component id="oc-2af">
         <name>.debug_info</name>
         <load_address>0xd33d</load_address>
         <run_address>0xd33d</run_address>
         <size>0x215</size>
         <input_file_ref idref="fl-d8"/>
      </object_component>
      <object_component id="oc-2b5">
         <name>.debug_info</name>
         <load_address>0xd552</load_address>
         <run_address>0xd552</run_address>
         <size>0x304</size>
         <input_file_ref idref="fl-d8"/>
      </object_component>
      <object_component id="oc-2bb">
         <name>.debug_info</name>
         <load_address>0xd856</load_address>
         <run_address>0xd856</run_address>
         <size>0x4b0</size>
         <input_file_ref idref="fl-d8"/>
      </object_component>
      <object_component id="oc-22a">
         <name>.debug_info</name>
         <load_address>0xdd06</load_address>
         <run_address>0xdd06</run_address>
         <size>0x5d8</size>
         <input_file_ref idref="fl-d8"/>
      </object_component>
      <object_component id="oc-2d4">
         <name>.debug_info</name>
         <load_address>0xe2de</load_address>
         <run_address>0xe2de</run_address>
         <size>0x86</size>
         <input_file_ref idref="fl-d8"/>
      </object_component>
      <object_component id="oc-36b">
         <name>.debug_info</name>
         <load_address>0xe364</load_address>
         <run_address>0xe364</run_address>
         <size>0x39</size>
         <input_file_ref idref="fl-d8"/>
      </object_component>
      <object_component id="oc-3b8">
         <name>.debug_info</name>
         <load_address>0xe39d</load_address>
         <run_address>0xe39d</run_address>
         <size>0xb6</size>
         <input_file_ref idref="fl-d8"/>
      </object_component>
      <object_component id="oc-370">
         <name>.debug_info</name>
         <load_address>0xe453</load_address>
         <run_address>0xe453</run_address>
         <size>0x46</size>
         <input_file_ref idref="fl-d8"/>
      </object_component>
      <object_component id="oc-2d9">
         <name>.debug_info</name>
         <load_address>0xe499</load_address>
         <run_address>0xe499</run_address>
         <size>0x46</size>
         <input_file_ref idref="fl-d8"/>
      </object_component>
      <object_component id="oc-30b">
         <name>.debug_info</name>
         <load_address>0xe4df</load_address>
         <run_address>0xe4df</run_address>
         <size>0x2b9</size>
         <input_file_ref idref="fl-d9"/>
      </object_component>
      <object_component id="oc-298">
         <name>.debug_info</name>
         <load_address>0xe798</load_address>
         <run_address>0xe798</run_address>
         <size>0x17c</size>
         <input_file_ref idref="fl-d9"/>
      </object_component>
      <object_component id="oc-388">
         <name>.debug_info</name>
         <load_address>0xe914</load_address>
         <run_address>0xe914</run_address>
         <size>0xf9</size>
         <input_file_ref idref="fl-da"/>
      </object_component>
      <object_component id="oc-308">
         <name>.debug_info</name>
         <load_address>0xea0d</load_address>
         <run_address>0xea0d</run_address>
         <size>0x105</size>
         <input_file_ref idref="fl-da"/>
      </object_component>
      <object_component id="oc-394">
         <name>.debug_info</name>
         <load_address>0xeb12</load_address>
         <run_address>0xeb12</run_address>
         <size>0x29b</size>
         <input_file_ref idref="fl-db"/>
      </object_component>
      <object_component id="oc-31f">
         <name>.debug_info</name>
         <load_address>0xedad</load_address>
         <run_address>0xedad</run_address>
         <size>0x1cd</size>
         <input_file_ref idref="fl-db"/>
      </object_component>
      <object_component id="oc-357">
         <name>.debug_info</name>
         <load_address>0xef7a</load_address>
         <run_address>0xef7a</run_address>
         <size>0x296</size>
         <input_file_ref idref="fl-dc"/>
      </object_component>
      <object_component id="oc-2c1">
         <name>.debug_info</name>
         <load_address>0xf210</load_address>
         <run_address>0xf210</run_address>
         <size>0x1b6</size>
         <input_file_ref idref="fl-dc"/>
      </object_component>
      <object_component id="oc-3aa">
         <name>.debug_info</name>
         <load_address>0xf3c6</load_address>
         <run_address>0xf3c6</run_address>
         <size>0x29a</size>
         <input_file_ref idref="fl-dd"/>
      </object_component>
      <object_component id="oc-353">
         <name>.debug_info</name>
         <load_address>0xf660</load_address>
         <run_address>0xf660</run_address>
         <size>0x268</size>
         <input_file_ref idref="fl-dd"/>
      </object_component>
      <object_component id="oc-306">
         <name>.debug_info</name>
         <load_address>0xf8c8</load_address>
         <run_address>0xf8c8</run_address>
         <size>0x28f</size>
         <input_file_ref idref="fl-de"/>
      </object_component>
      <object_component id="oc-292">
         <name>.debug_info</name>
         <load_address>0xfb57</load_address>
         <run_address>0xfb57</run_address>
         <size>0x24b</size>
         <input_file_ref idref="fl-de"/>
      </object_component>
      <object_component id="oc-35e">
         <name>.debug_info</name>
         <load_address>0xfda2</load_address>
         <run_address>0xfda2</run_address>
         <size>0x28f</size>
         <input_file_ref idref="fl-df"/>
      </object_component>
      <object_component id="oc-2c9">
         <name>.debug_info</name>
         <load_address>0x10031</load_address>
         <run_address>0x10031</run_address>
         <size>0x15a</size>
         <input_file_ref idref="fl-df"/>
      </object_component>
      <object_component id="oc-3ad">
         <name>.debug_info</name>
         <load_address>0x1018b</load_address>
         <run_address>0x1018b</run_address>
         <size>0x46</size>
         <input_file_ref idref="fl-df"/>
      </object_component>
      <object_component id="oc-359">
         <name>.debug_info</name>
         <load_address>0x101d1</load_address>
         <run_address>0x101d1</run_address>
         <size>0x39</size>
         <input_file_ref idref="fl-df"/>
      </object_component>
      <object_component id="oc-39b">
         <name>.debug_info</name>
         <load_address>0x1020a</load_address>
         <run_address>0x1020a</run_address>
         <size>0x29a</size>
         <input_file_ref idref="fl-e0"/>
      </object_component>
      <object_component id="oc-345">
         <name>.debug_info</name>
         <load_address>0x104a4</load_address>
         <run_address>0x104a4</run_address>
         <size>0x195</size>
         <input_file_ref idref="fl-e0"/>
      </object_component>
      <object_component id="oc-3c4">
         <name>.debug_info</name>
         <load_address>0x10639</load_address>
         <run_address>0x10639</run_address>
         <size>0x39</size>
         <input_file_ref idref="fl-e0"/>
      </object_component>
      <object_component id="oc-39c">
         <name>.debug_info</name>
         <load_address>0x10672</load_address>
         <run_address>0x10672</run_address>
         <size>0x2c</size>
         <input_file_ref idref="fl-e0"/>
      </object_component>
      <object_component id="oc-3a8">
         <name>.debug_info</name>
         <load_address>0x1069e</load_address>
         <run_address>0x1069e</run_address>
         <size>0x2fd</size>
         <input_file_ref idref="fl-e1"/>
      </object_component>
      <object_component id="oc-34a">
         <name>.debug_info</name>
         <load_address>0x1099b</load_address>
         <run_address>0x1099b</run_address>
         <size>0x225</size>
         <input_file_ref idref="fl-e1"/>
      </object_component>
      <object_component id="oc-2a5">
         <name>.debug_info</name>
         <load_address>0x10bc0</load_address>
         <run_address>0x10bc0</run_address>
         <size>0x12b</size>
         <input_file_ref idref="fl-e2"/>
      </object_component>
      <object_component id="oc-315">
         <name>.debug_info</name>
         <load_address>0x10ceb</load_address>
         <run_address>0x10ceb</run_address>
         <size>0x12d</size>
         <input_file_ref idref="fl-e2"/>
      </object_component>
      <object_component id="oc-319">
         <name>.debug_info</name>
         <load_address>0x10e18</load_address>
         <run_address>0x10e18</run_address>
         <size>0x131</size>
         <input_file_ref idref="fl-e3"/>
      </object_component>
      <object_component id="oc-326">
         <name>.debug_info</name>
         <load_address>0x10f49</load_address>
         <run_address>0x10f49</run_address>
         <size>0x12f</size>
         <input_file_ref idref="fl-e4"/>
      </object_component>
      <object_component id="oc-30d">
         <name>.debug_info</name>
         <load_address>0x11078</load_address>
         <run_address>0x11078</run_address>
         <size>0x137</size>
         <input_file_ref idref="fl-e5"/>
      </object_component>
      <object_component id="oc-363">
         <name>.debug_info</name>
         <load_address>0x111af</load_address>
         <run_address>0x111af</run_address>
         <size>0x289</size>
         <input_file_ref idref="fl-e6"/>
      </object_component>
      <object_component id="oc-360">
         <name>.debug_info</name>
         <load_address>0x11438</load_address>
         <run_address>0x11438</run_address>
         <size>0x10e</size>
         <input_file_ref idref="fl-e6"/>
      </object_component>
      <object_component id="oc-2cd">
         <name>.debug_info</name>
         <load_address>0x11546</load_address>
         <run_address>0x11546</run_address>
         <size>0x14e</size>
         <input_file_ref idref="fl-e6"/>
      </object_component>
      <object_component id="oc-3a2">
         <name>.debug_info</name>
         <load_address>0x11694</load_address>
         <run_address>0x11694</run_address>
         <size>0x161</size>
         <input_file_ref idref="fl-e7"/>
      </object_component>
      <object_component id="oc-38c">
         <name>.debug_info</name>
         <load_address>0x117f5</load_address>
         <run_address>0x117f5</run_address>
         <size>0x118</size>
         <input_file_ref idref="fl-e8"/>
      </object_component>
      <object_component id="oc-3fb">
         <name>.debug_info</name>
         <load_address>0x1190d</load_address>
         <run_address>0x1190d</run_address>
         <size>0x8b</size>
      </object_component>
      <object_component id="oc-1c7">
         <name>.debug_line</name>
         <load_address>0x0</load_address>
         <run_address>0x0</run_address>
         <size>0x1bf</size>
         <input_file_ref idref="fl-2"/>
      </object_component>
      <object_component id="oc-249">
         <name>.debug_line</name>
         <load_address>0x1bf</load_address>
         <run_address>0x1bf</run_address>
         <size>0x30</size>
         <input_file_ref idref="fl-2"/>
      </object_component>
      <object_component id="oc-9c">
         <name>.debug_line</name>
         <load_address>0x1ef</load_address>
         <run_address>0x1ef</run_address>
         <size>0x10d</size>
         <input_file_ref idref="fl-2"/>
      </object_component>
      <object_component id="oc-70">
         <name>.debug_line</name>
         <load_address>0x2fc</load_address>
         <run_address>0x2fc</run_address>
         <size>0x69</size>
         <input_file_ref idref="fl-2"/>
      </object_component>
      <object_component id="oc-b2">
         <name>.debug_line</name>
         <load_address>0x365</load_address>
         <run_address>0x365</run_address>
         <size>0x20</size>
         <input_file_ref idref="fl-2"/>
      </object_component>
      <object_component id="oc-ad">
         <name>.debug_line</name>
         <load_address>0x385</load_address>
         <run_address>0x385</run_address>
         <size>0x6d</size>
         <input_file_ref idref="fl-2"/>
      </object_component>
      <object_component id="oc-75">
         <name>.debug_line</name>
         <load_address>0x3f2</load_address>
         <run_address>0x3f2</run_address>
         <size>0x6a</size>
         <input_file_ref idref="fl-2"/>
      </object_component>
      <object_component id="oc-240">
         <name>.debug_line</name>
         <load_address>0x45c</load_address>
         <run_address>0x45c</run_address>
         <size>0x65</size>
         <input_file_ref idref="fl-2"/>
      </object_component>
      <object_component id="oc-6c">
         <name>.debug_line</name>
         <load_address>0x4c1</load_address>
         <run_address>0x4c1</run_address>
         <size>0x42</size>
         <input_file_ref idref="fl-3"/>
      </object_component>
      <object_component id="oc-2b">
         <name>.debug_line</name>
         <load_address>0x503</load_address>
         <run_address>0x503</run_address>
         <size>0x42</size>
         <input_file_ref idref="fl-3"/>
      </object_component>
      <object_component id="oc-28">
         <name>.debug_line</name>
         <load_address>0x545</load_address>
         <run_address>0x545</run_address>
         <size>0xa2</size>
         <input_file_ref idref="fl-3"/>
      </object_component>
      <object_component id="oc-36">
         <name>.debug_line</name>
         <load_address>0x5e7</load_address>
         <run_address>0x5e7</run_address>
         <size>0x20</size>
         <input_file_ref idref="fl-3"/>
      </object_component>
      <object_component id="oc-289">
         <name>.debug_line</name>
         <load_address>0x607</load_address>
         <run_address>0x607</run_address>
         <size>0xde</size>
         <input_file_ref idref="fl-9"/>
      </object_component>
      <object_component id="oc-107">
         <name>.debug_line</name>
         <load_address>0x6e5</load_address>
         <run_address>0x6e5</run_address>
         <size>0xa7</size>
         <input_file_ref idref="fl-9"/>
      </object_component>
      <object_component id="oc-10d">
         <name>.debug_line</name>
         <load_address>0x78c</load_address>
         <run_address>0x78c</run_address>
         <size>0x91</size>
         <input_file_ref idref="fl-9"/>
      </object_component>
      <object_component id="oc-179">
         <name>.debug_line</name>
         <load_address>0x81d</load_address>
         <run_address>0x81d</run_address>
         <size>0x9c</size>
         <input_file_ref idref="fl-9"/>
      </object_component>
      <object_component id="oc-101">
         <name>.debug_line</name>
         <load_address>0x8b9</load_address>
         <run_address>0x8b9</run_address>
         <size>0xa4</size>
         <input_file_ref idref="fl-9"/>
      </object_component>
      <object_component id="oc-fb">
         <name>.debug_line</name>
         <load_address>0x95d</load_address>
         <run_address>0x95d</run_address>
         <size>0x91</size>
         <input_file_ref idref="fl-9"/>
      </object_component>
      <object_component id="oc-16d">
         <name>.debug_line</name>
[...]
               <size>0x4</size>
            </available_space>
            <allocated_space>
               <start_address>0x20000270</start_address>
               <size>0x1000</size>
               <logical_group_ref idref="lg-d"/>
            </allocated_space>
            <allocated_space>
               <start_address>0x20001270</start_address>
               <size>0xc88</size>
               <logical_group_ref idref="lg-b"/>
            </allocated_space>
            <allocated_space>
               <start_address>0x20001ef8</start_address>
               <size>0x10</size>
               <logical_group_ref idref="lg-a"/>
            </allocated_space>
            <available_space>
               <start_address>0x20001f08</start_address>
               <size>0x3e0f8</size>
            </available_space>
         </usage_details>
      </memory_area>
   </placement_map>
   <cptbl_list>
      <cptbl>
         <name>__TI_cinit_table</name>
         <cprec>
            <name>.data</name>
            <load_address>0x2fc8</load_address>
            <load_size>0xe</load_size>
            <run_address>0x20001ef8</run_address>
            <run_size>0x10</run_size>
            <compression>lzss</compression>
         </cprec>
         <cprec>
            <name>.bss</name>
            <load_address>0x2fe8</load_address>
            <load_size>0x8</load_size>
            <run_address>0x20001270</run_address>
            <run_size>0xc88</run_size>
            <compression>zero_init</compression>
         </cprec>
         <cprec>
            <name>.vtable</name>
            <load_address>0x2ff0</load_address>
            <load_size>0x8</load_size>
            <run_address>0x20000000</run_address>
            <run_size>0x26c</run_size>
            <compression>zero_init</compression>
         </cprec>
      </cptbl>
   </cptbl_list>
   <handler_table>
      <handler_table_name>__TI_handler_table</handler_table_name>
      <handler>
         <index>0x0</index>
         <name>__TI_zero_init</name>
      </handler>
      <handler>
         <index>0x1</index>
         <name>__TI_decompress_lzss</name>
      </handler>
      <handler>
         <index>0x2</index>
         <name>__TI_decompress_none</name>
      </handler>
   </handler_table>
   <symbol_table>
      <symbol id="sm-1">
         <name>__STACK_TOP</name>
         <value>0x20000470</value>
      </symbol>
      <symbol id="sm-2">
         <name>__TI_CINIT_Base</name>
         <value>0x2ff8</value>
      </symbol>
      <symbol id="sm-3">
         <name>__TI_CINIT_Limit</name>
         <value>0x3010</value>
      </symbol>
      <symbol id="sm-4">
         <name>__TI_Handler_Table_Base</name>
         <value>0x2fd8</value>
      </symbol>
      <symbol id="sm-5">
         <name>__TI_Handler_Table_Limit</name>
         <value>0x2fe4</value>
      </symbol>
      <symbol id="sm-6">
         <name>binit</name>
         <value>0xffffffff</value>
      </symbol>
      <symbol id="sm-7">
         <name>__binit__</name>
         <value>0xffffffff</value>
      </symbol>
      <symbol id="sm-8">
         <name>__STACK_SIZE</name>
         <value>0x1000</value>
      </symbol>
      <symbol id="sm-9">
         <name>__STACK_END</name>
         <value>0x20001270</value>
      </symbol>
      <symbol id="sm-a">
         <name>__c_args__</name>
         <value>0xffffffff</value>
      </symbol>
      <symbol id="sm-b">
         <name>__TI_pprof_out_hndl</name>
         <value>0xffffffff</value>
      </symbol>
      <symbol id="sm-c">
         <name>__TI_prof_data_start</name>
         <value>0xffffffff</value>
      </symbol>
      <symbol id="sm-d">
         <name>__TI_prof_data_size</name>
         <value>0xffffffff</value>
      </symbol>
      <symbol id="sm-7c">
         <name>Samples1</name>
         <value>0x20001270</value>
      </symbol>
      <symbol id="sm-7d">
         <name>Vout</name>
         <value>0x20001ef4</value>
      </symbol>
      <symbol id="sm-7e">
         <name>Temp</name>
         <value>0x20001ef0</value>
      </symbol>
      <symbol id="sm-7f">
         <name>UARTWriteString</name>
         <value>0xe4f</value>
         <object_component_ref idref="oc-98"/>
      </symbol>
      <symbol id="sm-80">
         <name>SampleComplete1</name>
         <value>0x20001efc</value>
         <object_component_ref idref="oc-181"/>
      </symbol>
      <symbol id="sm-81">
         <name>ADC0IntHandler</name>
         <value>0xe89</value>
         <object_component_ref idref="oc-98"/>
      </symbol>
      <symbol id="sm-82">
         <name>main</name>
         <value>0xc69</value>
         <object_component_ref idref="oc-98"/>
      </symbol>
      <symbol id="sm-83">
         <name>SampleCount1</name>
         <value>0x20001ef8</value>
         <object_component_ref idref="oc-181"/>
      </symbol>
      <symbol id="sm-84">
         <name>clockFreq</name>
         <value>0x20001f00</value>
         <object_component_ref idref="oc-181"/>
      </symbol>
      <symbol id="sm-85">
         <name>Timer0IntHandler</name>
         <value>0xe75</value>
         <object_component_ref idref="oc-98"/>
      </symbol>
      <symbol id="sm-a6">
         <name>ResetISR</name>
         <value>0x2b15</value>
         <object_component_ref idref="oc-24"/>
      </symbol>
      <symbol id="sm-a7">
         <name>g_pfnVectors</name>
         <value>0x0</value>
         <object_component_ref idref="oc-f"/>
      </symbol>
      <symbol id="sm-f8">
         <name>ADCProcessorTrigger</name>
         <value>0x29c3</value>
         <object_component_ref idref="oc-169"/>
      </symbol>
      <symbol id="sm-f9">
         <name>ADCSequenceEnable</name>
         <value>0x2ac7</value>
         <object_component_ref idref="oc-109"/>
      </symbol>
      <symbol id="sm-fa">
         <name>ADCSequenceConfigure</name>
         <value>0x2579</value>
         <object_component_ref idref="oc-fd"/>
      </symbol>
      <symbol id="sm-fb">
         <name>ADCIntEnable</name>
         <value>0x2aa7</value>
         <object_component_ref idref="oc-121"/>
      </symbol>
      <symbol id="sm-fc">
         <name>ADCReferenceSet</name>
         <value>0x2af1</value>
         <object_component_ref idref="oc-f7"/>
      </symbol>
      <symbol id="sm-fd">
         <name>ADCSequenceStepConfigure</name>
         <value>0x2119</value>
         <object_component_ref idref="oc-103"/>
      </symbol>
      <symbol id="sm-fe">
         <name>ADCIntClear</name>
         <value>0x2b21</value>
         <object_component_ref idref="oc-16f"/>
      </symbol>
      <symbol id="sm-ff">
         <name>ADCSequenceDataGet</name>
         <value>0x2989</value>
         <object_component_ref idref="oc-175"/>
      </symbol>
      <symbol id="sm-139">
         <name>GPIOPinConfigure</name>
         <value>0x2615</value>
         <object_component_ref idref="oc-eb"/>
      </symbol>
      <symbol id="sm-13a">
         <name>GPIOPinTypeADC</name>
         <value>0x2a5f</value>
         <object_component_ref idref="oc-e5"/>
      </symbol>
      <symbol id="sm-13b">
         <name>GPIOPinTypeUART</name>
         <value>0x2a71</value>
         <object_component_ref idref="oc-df"/>
      </symbol>
      <symbol id="sm-13c">
         <name>GPIODirModeSet</name>
         <value>0x28ff</value>
         <object_component_ref idref="oc-1e8"/>
      </symbol>
      <symbol id="sm-13d">
         <name>GPIOPadConfigSet</name>
         <value>0x19c7</value>
         <object_component_ref idref="oc-1ee"/>
      </symbol>
      <symbol id="sm-17f">
         <name>IntEnable</name>
         <value>0x22e9</value>
         <object_component_ref idref="oc-115"/>
      </symbol>
      <symbol id="sm-180">
         <name>IntRegister</name>
         <value>0x2869</value>
         <object_component_ref idref="oc-10f"/>
      </symbol>
      <symbol id="sm-181">
         <name>g_pfnRAMVectors</name>
         <value>0x20000000</value>
         <object_component_ref idref="oc-20f"/>
      </symbol>
      <symbol id="sm-182">
         <name>IntMasterEnable</name>
         <value>0x2ab7</value>
         <object_component_ref idref="oc-127"/>
      </symbol>
      <symbol id="sm-1f3">
         <name>SysCtlDelay</name>
         <value>0x2b59</value>
         <object_component_ref idref="oc-d2"/>
      </symbol>
      <symbol id="sm-1f4">
         <name>SysCtlPeripheralEnable</name>
         <value>0x289d</value>
         <object_component_ref idref="oc-cc"/>
      </symbol>
      <symbol id="sm-1f5">
         <name>SysCtlClockFreqSet</name>
         <value>0x11cd</value>
         <object_component_ref idref="oc-c6"/>
      </symbol>
      <symbol id="sm-233">
         <name>TimerLoadSet</name>
         <value>0x2a83</value>
         <object_component_ref idref="oc-d9"/>
      </symbol>
      <symbol id="sm-234">
         <name>TimerDisable</name>
         <value>0x29dd</value>
         <object_component_ref idref="oc-17b"/>
      </symbol>
      <symbol id="sm-235">
         <name>TimerEnable</name>
         <value>0x2ad5</value>
         <object_component_ref idref="oc-12d"/>
      </symbol>
      <symbol id="sm-236">
         <name>TimerIntEnable</name>
         <value>0x2b3f</value>
         <object_component_ref idref="oc-11b"/>
      </symbol>
      <symbol id="sm-237">
         <name>TimerConfigure</name>
         <value>0x241d</value>
         <object_component_ref idref="oc-d3"/>
      </symbol>
      <symbol id="sm-238">
         <name>TimerIntClear</name>
         <value>0x2b5f</value>
         <object_component_ref idref="oc-163"/>
      </symbol>
      <symbol id="sm-26a">
         <name>UARTConfigSetExpClk</name>
         <value>0x26ed</value>
         <object_component_ref idref="oc-f1"/>
      </symbol>
      <symbol id="sm-26b">
         <name>UARTDisable</name>
         <value>0x2929</value>
         <object_component_ref idref="oc-1fb"/>
      </symbol>
      <symbol id="sm-26c">
         <name>UARTIntEnable</name>
         <value>0x2b47</value>
         <object_component_ref idref="oc-133"/>
      </symbol>
      <symbol id="sm-26d">
         <name>UARTCharPut</name>
         <value>0x2b2b</value>
         <object_component_ref idref="oc-15d"/>
      </symbol>
      <symbol id="sm-26e">
         <name>UARTEnable</name>
         <value>0x2a23</value>
         <object_component_ref idref="oc-201"/>
      </symbol>
      <symbol id="sm-278">
         <name>CPUcpsie</name>
         <value>0x2afd</value>
         <object_component_ref idref="oc-21a"/>
      </symbol>
      <symbol id="sm-28f">
         <name>__aeabi_dsub</name>
         <value>0x159d</value>
         <object_component_ref idref="oc-152"/>
      </symbol>
      <symbol id="sm-290">
         <name>__aeabi_dadd</name>
         <value>0x15a7</value>
         <object_component_ref idref="oc-152"/>
      </symbol>
      <symbol id="sm-2a4">
         <name>__aeabi_ddiv</name>
         <value>0x1891</value>
         <object_component_ref idref="oc-143"/>
      </symbol>
      <symbol id="sm-2af">
         <name>__aeabi_dmul</name>
         <value>0x1d2d</value>
         <object_component_ref idref="oc-13e"/>
      </symbol>
      <symbol id="sm-2bb">
         <name>__aeabi_d2f</name>
         <value>0x227b</value>
         <object_component_ref idref="oc-148"/>
      </symbol>
      <symbol id="sm-2c6">
         <name>__aeabi_f2d</name>
         <value>0x2831</value>
         <object_component_ref idref="oc-14d"/>
      </symbol>
      <symbol id="sm-2d0">
         <name>__aeabi_ui2d</name>
         <value>0x2969</value>
         <object_component_ref idref="oc-139"/>
      </symbol>
      <symbol id="sm-2e7">
         <name>__TI_zero_init</name>
         <value>0x2b09</value>
         <object_component_ref idref="oc-4a"/>
      </symbol>
      <symbol id="sm-2fe">
         <name>__TI_decompress_none</name>
         <value>0x2ae3</value>
         <object_component_ref idref="oc-18"/>
      </symbol>
      <symbol id="sm-321">
         <name>__TI_decompress_lzss</name>
         <value>0x2351</value>
         <object_component_ref idref="oc-12"/>
      </symbol>
      <symbol id="sm-334">
         <name>__stack</name>
         <value>0x20000270</value>
         <object_component_ref idref="oc-21"/>
      </symbol>
      <symbol id="sm-335">
         <name>_c_int00_noargs</name>
         <value>0x27f9</value>
         <object_component_ref idref="oc-56"/>
      </symbol>
      <symbol id="sm-340">
         <name>C$$EXIT</name>
         <value>0x2b67</value>
         <object_component_ref idref="oc-188"/>
      </symbol>
      <symbol id="sm-341">
         <name>abort</name>
         <value>0x2b67</value>
         <object_component_ref idref="oc-188"/>
      </symbol>
      <symbol id="sm-36a">
         <name>sprintf</name>
         <value>0x2779</value>
         <object_component_ref idref="oc-157"/>
      </symbol>
      <symbol id="sm-385">
         <name>memcpy</name>
         <value>0x1edb</value>
         <object_component_ref idref="oc-38"/>
      </symbol>
      <symbol id="sm-386">
         <name>__aeabi_memcpy</name>
         <value>0x1edb</value>
         <object_component_ref idref="oc-38"/>
      </symbol>
      <symbol id="sm-387">
         <name>__aeabi_memcpy8</name>
         <value>0x1edb</value>
         <object_component_ref idref="oc-38"/>
      </symbol>
      <symbol id="sm-388">
         <name>__aeabi_memcpy4</name>
         <value>0x1edb</value>
         <object_component_ref idref="oc-38"/>
      </symbol>
      <symbol id="sm-397">
         <name>__aeabi_memset</name>
         <value>0x2195</value>
         <object_component_ref idref="oc-8c"/>
      </symbol>
      <symbol id="sm-398">
         <name>memset</name>
         <value>0x219b</value>
         <object_component_ref idref="oc-8c"/>
      </symbol>
      <symbol id="sm-399">
         <name>__aeabi_memset8</name>
         <value>0x2195</value>
         <object_component_ref idref="oc-8c"/>
      </symbol>
      <symbol id="sm-39a">
         <name>__aeabi_memset4</name>
         <value>0x2195</value>
         <object_component_ref idref="oc-8c"/>
      </symbol>
      <symbol id="sm-39b">
         <name>__aeabi_memclr8</name>
         <value>0x2193</value>
         <object_component_ref idref="oc-8c"/>
      </symbol>
      <symbol id="sm-39c">
         <name>__aeabi_memclr4</name>
         <value>0x2193</value>
         <object_component_ref idref="oc-8c"/>
      </symbol>
      <symbol id="sm-39d">
         <name>__aeabi_memclr</name>
         <value>0x2193</value>
         <object_component_ref idref="oc-8c"/>
      </symbol>
      <symbol id="sm-3c5">
         <name>__TI_auto_init_nobinit_nopinit</name>
         <value>0x2735</value>
         <object_component_ref idref="oc-194"/>
      </symbol>
      <symbol id="sm-3cf">
         <name>_system_pre_init</name>
         <value>0x2b63</value>
         <object_component_ref idref="oc-92"/>
      </symbol>
      <symbol id="sm-535">
         <name>__TI_printfi</name>
         <value>0x209</value>
         <object_component_ref idref="oc-229"/>
      </symbol>
      <symbol id="sm-54b">
         <name>atoi</name>
         <value>0x25c9</value>
         <object_component_ref idref="oc-297"/>
      </symbol>
      <symbol id="sm-556">
         <name>_ctypes_</name>
         <value>0x2d1c</value>
         <object_component_ref idref="oc-307"/>
      </symbol>
      <symbol id="sm-565">
         <name>ltoa</name>
         <value>0x24d3</value>
         <object_component_ref idref="oc-31d"/>
      </symbol>
      <symbol id="sm-575">
         <name>memccpy</name>
         <value>0x29a7</value>
         <object_component_ref idref="oc-2c0"/>
      </symbol>
      <symbol id="sm-585">
         <name>strchr</name>
         <value>0x2a0d</value>
         <object_component_ref idref="oc-34f"/>
      </symbol>
      <symbol id="sm-593">
         <name>strlen</name>
         <value>0x2a4b</value>
         <object_component_ref idref="oc-291"/>
      </symbol>
      <symbol id="sm-5ac">
         <name>wcslen</name>
         <value>0x2a95</value>
         <object_component_ref idref="oc-2c6"/>
      </symbol>
      <symbol id="sm-5cc">
         <name>frexpl</name>
         <value>0x23b9</value>
         <object_component_ref idref="oc-343"/>
      </symbol>
      <symbol id="sm-5cd">
         <name>frexp</name>
         <value>0x23b9</value>
         <object_component_ref idref="oc-343"/>
      </symbol>
      <symbol id="sm-5ea">
         <name>scalbn</name>
         <value>0x1c1d</value>
         <object_component_ref idref="oc-349"/>
      </symbol>
      <symbol id="sm-5eb">
         <name>scalbnl</name>
         <value>0x1c1d</value>
         <object_component_ref idref="oc-349"/>
      </symbol>
      <symbol id="sm-5ec">
         <name>ldexpl</name>
         <value>0x1c1d</value>
         <object_component_ref idref="oc-349"/>
      </symbol>
      <symbol id="sm-5ed">
         <name>ldexp</name>
         <value>0x1c1d</value>
         <object_component_ref idref="oc-349"/>
      </symbol>
      <symbol id="sm-60f">
         <name>__aeabi_cdcmpeq</name>
         <value>0x200d</value>
         <object_component_ref idref="oc-2a3"/>
      </symbol>
      <symbol id="sm-610">
         <name>__aeabi_cdcmple</name>
         <value>0x200d</value>
         <object_component_ref idref="oc-2a3"/>
      </symbol>
      <symbol id="sm-611">
         <name>__aeabi_cdrcmple</name>
         <value>0x2093</value>
         <object_component_ref idref="oc-313"/>
      </symbol>
      <symbol id="sm-61b">
         <name>__aeabi_d2iz</name>
         <value>0x26a5</value>
         <object_component_ref idref="oc-318"/>
      </symbol>
      <symbol id="sm-625">
         <name>__aeabi_i2d</name>
         <value>0x28d1</value>
         <object_component_ref idref="oc-323"/>
      </symbol>
      <symbol id="sm-632">
         <name>__aeabi_uldivmod</name>
         <value>0x1f77</value>
         <object_component_ref idref="oc-30c"/>
      </symbol>
      <symbol id="sm-648">
         <name>__aeabi_errno_addr</name>
         <value>0x2b51</value>
         <object_component_ref idref="oc-2cc"/>
      </symbol>
      <symbol id="sm-649">
         <name>errno</name>
         <value>0x20001f04</value>
         <object_component_ref idref="oc-35f"/>
      </symbol>
      <symbol id="sm-653">
         <name>copysign</name>
         <value>0x2a37</value>
         <object_component_ref idref="oc-3a1"/>
      </symbol>
      <symbol id="sm-654">
         <name>copysignl</name>
         <value>0x2a37</value>
         <object_component_ref idref="oc-3a1"/>
      </symbol>
      <symbol id="sm-65e">
         <name>__aeabi_idiv0</name>
         <value>0xc67</value>
         <object_component_ref idref="oc-38b"/>
      </symbol>
      <symbol id="sm-65f">
         <name>__aeabi_ldiv0</name>
         <value>0xc67</value>
         <object_component_ref idref="oc-38b"/>
      </symbol>
      <symbol id="sm-660">
         <name>__TI_static_base__</name>
         <value>0x0</value>
      </symbol>
      <symbol id="sm-663">
         <name>__mpu_init</name>
         <value>0x0</value>
      </symbol>
      <symbol id="sm-664">
         <name>_system_post_cinit</name>
         <value>0x0</value>
      </symbol>
   </symbol_table>
   <title>Link successful</title>
</link_info>
