******************************************************************************
                  TI ARM Linker PC v18.1.4                     
******************************************************************************
>> Linked Sun Oct 27 17:01:53 2019

OUTPUT FILE NAME:   <saf_prj.out>
ENTRY POINT SYMBOL: "_c_int00_noargs"  address: 000027f9


MEMORY CONFIGURATION

         name            origin    length      used     unused   attr    fill
----------------------  --------  ---------  --------  --------  ----  --------
  FLASH                 00000000   00100000  0000300a  000fcff6  R  X
  SRAM                  20000000   00040000  00001f04  0003e0fc  RW X


SEGMENT ALLOCATION MAP

run origin  load origin   length   init length attrs members
----------  ----------- ---------- ----------- ----- -------
00000000    00000000    00003010   00003010    r-x
  00000000    00000000    00000208   00000208    r-- .intvecs
  00000208    00000208    00002962   00002962    r-x .text
  00002b6c    00002b6c    00000458   00000458    r-- .const
  00002fc8    00002fc8    00000048   00000048    r-- .cinit
20000000    20000000    00001f08   00000000    rw-
  20000000    20000000    0000026c   00000000    rw- .vtable
  20000270    20000270    00001000   00000000    rw- .stack
  20001270    20001270    00000c88   00000000    rw- .bss
  20001ef8    20001ef8    00000010   00000000    rw- .data


SECTION ALLOCATION MAP

 output                                  attributes/
section   page    origin      length       input sections
--------  ----  ----------  ----------   ----------------
.intvecs   0    00000000    00000208     
                  00000000    00000208     tm4c1294ncpdt_startup_ccs.obj (.intvecs)

.text      0    00000208    00002962     
                  00000208    00000a5e     rtsv7M4_T_le_v4SPD16_eabi.lib : _printfi.c.obj (.text:__TI_printfi)
                  00000c66    00000002                                   : div0.asm.obj (.text)
                  00000c68    000002f4     saf_prj.obj (.text)
                  00000f5c    00000270     rtsv7M4_T_le_v4SPD16_eabi.lib : _printfi.c.obj (.text:_pconv_a)
                  000011cc    00000200     driverlib.lib : sysctl.obj (.text:SysCtlClockFreqSet)
                  000013cc    000001d0     rtsv7M4_T_le_v4SPD16_eabi.lib : _printfi.c.obj (.text:_pconv_g)
                  0000159c    000001b6                                   : fd_add_t2.asm.obj (.text)
                  00001752    00000002     --HOLE-- [fill = 0]
                  00001754    0000013c                                   : _printfi.c.obj (.text:_pconv_e)
                  00001890    00000136                                   : fd_div_t2.asm.obj (.text)
                  000019c6    00000132     driverlib.lib : gpio.obj (.text:GPIOPadConfigSet)
                  00001af8    00000124     rtsv7M4_T_le_v4SPD16_eabi.lib : _printfi.c.obj (.text:fcvt)
                  00001c1c    00000110                                   : s_scalbn.c.obj (.text:scalbn)
                  00001d2c    000000fc                                   : fd_mul_t2.asm.obj (.text)
                  00001e28    000000b1                                   : _printfi.c.obj (.text:_ltostr)
                  00001ed9    00000001     --HOLE-- [fill = 0]
                  00001eda    0000009c                                   : memcpy_t2.asm.obj (.text)
                  00001f76    00000096                                   : ull_div_t2.asm.obj (.text)
                  0000200c    00000086                                   : fd_cmp_t2.asm.obj (.text:__aeabi_cdcmple)
                  00002092    00000086                                   : fd_cmp_t2.asm.obj (.text:__aeabi_cdrcmple)
                  00002118    0000007a     driverlib.lib : adc.obj (.text:ADCSequenceStepConfigure)
                  00002192    0000007a     rtsv7M4_T_le_v4SPD16_eabi.lib : memset_t2.asm.obj (.text)
                  0000220c    0000006e                                   : _printfi.c.obj (.text:_mcpy)
                  0000227a    0000006e                                   : fd_tos_t2.asm.obj (.text)
                  000022e8    00000068     driverlib.lib : interrupt.obj (.text:IntEnable)
                  00002350    00000068     rtsv7M4_T_le_v4SPD16_eabi.lib : copy_decompress_lzss.c.obj (.text:decompress:lzss:__TI_decompress_lzss)
                  000023b8    00000064                                   : s_frexp.c.obj (.text:frexp)
                  0000241c    00000060     driverlib.lib : timer.obj (.text:TimerConfigure)
                  0000247c    00000056     rtsv7M4_T_le_v4SPD16_eabi.lib : _printfi.c.obj (.text:_pconv_f)
                  000024d2    00000054                                   : ltoa.c.obj (.text:ltoa)
                  00002526    00000052                                   : _printfi.c.obj (.text:_ecpy)
                  00002578    00000050     driverlib.lib : adc.obj (.text:ADCSequenceConfigure)
                  000025c8    0000004c     rtsv7M4_T_le_v4SPD16_eabi.lib : atoi.c.obj (.text:atoi)
                  00002614    00000048     driverlib.lib : gpio.obj (.text:GPIOPinConfigure)
                  0000265c    00000048                   : sysctl.obj (.text:_SysCtlFrequencyGet)
                  000026a4    00000048     rtsv7M4_T_le_v4SPD16_eabi.lib : fd_toi_t2.asm.obj (.text)
                  000026ec    00000046     driverlib.lib : uart.obj (.text:UARTConfigSetExpClk)
                  00002732    00000002     --HOLE-- [fill = 0]
                  00002734    00000044     rtsv7M4_T_le_v4SPD16_eabi.lib : autoinit.c.obj (.text:__TI_auto_init_nobinit_nopinit:__TI_auto_init_nobinit_nopinit)
                  00002778    00000040                                   : sprintf.c.obj (.text:sprintf)
                  000027b8    0000003e                                   : _printfi.c.obj (.text:_fcpy)
                  000027f6    00000002     --HOLE-- [fill = 0]
                  000027f8    00000038                                   : boot_cortex_m.c.obj (.text:_c_int00_noargs:_c_int00_noargs)
                  00002830    00000038                                   : fs_tod_t2.asm.obj (.text)
                  00002868    00000034     driverlib.lib : interrupt.obj (.text:IntRegister)
                  0000289c    00000034                   : sysctl.obj (.text:SysCtlPeripheralEnable)
                  000028d0    0000002e     rtsv7M4_T_le_v4SPD16_eabi.lib : i_tofd_t2.asm.obj (.text)
                  000028fe    0000002a     driverlib.lib : gpio.obj (.text:GPIODirModeSet)
                  00002928    00000020                   : uart.obj (.text:UARTDisable)
                  00002948    00000020                   : sysctl.obj (.text:_SysCtlMemTimingGet)
                  00002968    00000020     rtsv7M4_T_le_v4SPD16_eabi.lib : u_tofd_t2.asm.obj (.text)
                  00002988    0000001e     driverlib.lib : adc.obj (.text:ADCSequenceDataGet)
                  000029a6    0000001c     rtsv7M4_T_le_v4SPD16_eabi.lib : memccpy.c.obj (.text:memccpy)
                  000029c2    00000018     driverlib.lib : adc.obj (.text:ADCProcessorTrigger)
                  000029da    00000002     --HOLE-- [fill = 0]
                  000029dc    00000018                   : timer.obj (.text:TimerDisable)
                  000029f4    00000018     rtsv7M4_T_le_v4SPD16_eabi.lib : sprintf.c.obj (.text:_outs)
                  00002a0c    00000016                                   : strchr.c.obj (.text:strchr)
                  00002a22    00000014     driverlib.lib : uart.obj (.text:UARTEnable)
                  00002a36    00000014     rtsv7M4_T_le_v4SPD16_eabi.lib : s_copysign.c.obj (.text:copysign)
                  00002a4a    00000014                                   : strlen.c.obj (.text:strlen)
                  00002a5e    00000012     driverlib.lib : gpio.obj (.text:GPIOPinTypeADC)
                  00002a70    00000012                   : gpio.obj (.text:GPIOPinTypeUART)
                  00002a82    00000012                   : timer.obj (.text:TimerLoadSet)
                  00002a94    00000012     rtsv7M4_T_le_v4SPD16_eabi.lib : wcslen.c.obj (.text:wcslen)
                  00002aa6    00000010     driverlib.lib : adc.obj (.text:ADCIntEnable)
                  00002ab6    00000010                   : interrupt.obj (.text:IntMasterEnable)
                  00002ac6    0000000e                   : adc.obj (.text:ADCSequenceEnable)
                  00002ad4    0000000e                   : timer.obj (.text:TimerEnable)
                  00002ae2    0000000e     rtsv7M4_T_le_v4SPD16_eabi.lib : copy_decompress_none.c.obj (.text:decompress:none:__TI_decompress_none)
                  00002af0    0000000c     driverlib.lib : adc.obj (.text:ADCReferenceSet)
                  00002afc    0000000c                   : cpu.obj (.text:CPUcpsie)
                  00002b08    0000000c     rtsv7M4_T_le_v4SPD16_eabi.lib : copy_zero_init.c.obj (.text:decompress:ZI:__TI_zero_init)
                  00002b14    0000000c     tm4c1294ncpdt_startup_ccs.obj (.text)
                  00002b20    0000000a     driverlib.lib : adc.obj (.text:ADCIntClear)
                  00002b2a    0000000a                   : uart.obj (.text:UARTCharPut)
                  00002b34    0000000a     rtsv7M4_T_le_v4SPD16_eabi.lib : sprintf.c.obj (.text:_outc)
                  00002b3e    00000008     driverlib.lib : timer.obj (.text:TimerIntEnable)
                  00002b46    00000008                   : uart.obj (.text:UARTIntEnable)
                  00002b4e    00000002     --HOLE-- [fill = 0]
                  00002b50    00000008     rtsv7M4_T_le_v4SPD16_eabi.lib : errno.c.obj (.text:__aeabi_errno_addr)
                  00002b58    00000006     driverlib.lib : sysctl.obj (.text:SysCtlDelay)
                  00002b5e    00000004                   : timer.obj (.text:TimerIntClear)
                  00002b62    00000004     rtsv7M4_T_le_v4SPD16_eabi.lib : pre_init.c.obj (.text:_system_pre_init)
                  00002b66    00000004                                   : exit.c.obj (.text:abort:abort)

.const     0    00002b6c    00000458     
                  00002b6c    000001b0     driverlib.lib : sysctl.obj (.const:g_pppui32XTALtoVCO)
                  00002d1c    00000101     rtsv7M4_T_le_v4SPD16_eabi.lib : ctype.c.obj (.const:.string:_ctypes_)
                  00002e1d    00000003     --HOLE-- [fill = 0]
                  00002e20    00000090     driverlib.lib : gpio.obj (.const:g_pui32GPIOBaseAddrs)
                  00002eb0    00000070                   : interrupt.obj (.const)
                  00002f20    0000006c                   : sysctl.obj (.const:g_pui32Xtals)
                  00002f8c    00000030                   : sysctl.obj (.const:g_sXTALtoMEMTIM)
                  00002fbc    00000008                   : sysctl.obj (.const)

.cinit     0    00002fc8    00000048     
                  00002fc8    0000000e     (.cinit..data.load) [load image, compression = lzss]
                  00002fd6    00000002     --HOLE-- [fill = 0]
                  00002fd8    0000000c     (__TI_handler_table)
                  00002fe4    00000004     --HOLE-- [fill = 0]
                  00002fe8    00000008     (.cinit..bss.load) [load image, compression = zero_init]
                  00002ff0    00000008     (.cinit..vtable.load) [load image, compression = zero_init]
                  00002ff8    00000018     (__TI_cinit_table)

.init_array 
*          0    00000000    00000000     UNINITIALIZED

.vtable    0    20000000    0000026c     UNINITIALIZED
                  20000000    0000026c     driverlib.lib : interrupt.obj (.vtable)

.bss       0    20001270    00000c88     UNINITIALIZED
                  20001270    00000c80     (.common:Samples1)
                  20001ef0    00000004     (.common:Temp)
                  20001ef4    00000004     (.common:Vout)

.data      0    20001ef8    00000010     UNINITIALIZED
                  20001ef8    0000000c     saf_prj.obj (.data)
                  20001f04    00000004     rtsv7M4_T_le_v4SPD16_eabi.lib : errno.c.obj (.data)

.stack     0    20000270    00001000     UNINITIALIZED
                  20000270    00000004     rtsv7M4_T_le_v4SPD16_eabi.lib : boot_cortex_m.c.obj (.stack)
                  20000274    00000ffc     --HOLE--

MODULE SUMMARY

       Module                          code    ro data   rw data
       ------                          ----    -------   -------
    .\
       saf_prj.obj                     756     0         3220   
       tm4c1294ncpdt_startup_ccs.obj   12      520       0      
    +--+-------------------------------+-------+---------+---------+
       Total:                          768     520       3220   
                                                                
    C:/ti/TivaWare_C_Series-2.1.4.178/driverlib/ccs/Debug/driverlib.lib
       sysctl.obj                      674     596       0      
       interrupt.obj                   172     112       620    
       gpio.obj                        456     144       0      
       adc.obj                         308     0         0      
       timer.obj                       164     0         0      
       uart.obj                        140     0         0      
       cpu.obj                         12      0         0      
    +--+-------------------------------+-------+---------+---------+
       Total:                          1926    852       620    
                                                                
    C:\ti\ccsv8\tools\compiler\ti-cgt-arm_18.1.4.LTS\lib\rtsv7M4_T_le_v4SPD16_eabi.lib
       _printfi.c.obj                  4867    0         0      
       fd_add_t2.asm.obj               438     0         0      
       fd_div_t2.asm.obj               310     0         0      
       s_scalbn.c.obj                  272     0         0      
       fd_cmp_t2.asm.obj               268     0         0      
       ctype.c.obj                     0       257       0      
       fd_mul_t2.asm.obj               252     0         0      
       memcpy_t2.asm.obj               156     0         0      
       ull_div_t2.asm.obj              150     0         0      
       memset_t2.asm.obj               122     0         0      
       fd_tos_t2.asm.obj               110     0         0      
       copy_decompress_lzss.c.obj      104     0         0      
       s_frexp.c.obj                   100     0         0      
       sprintf.c.obj                   98      0         0      
       ltoa.c.obj                      84      0         0      
       atoi.c.obj                      76      0         0      
       fd_toi_t2.asm.obj               72      0         0      
       autoinit.c.obj                  68      0         0      
       boot_cortex_m.c.obj             56      0         0      
       fs_tod_t2.asm.obj               56      0         0      
       i_tofd_t2.asm.obj               46      0         0      
       u_tofd_t2.asm.obj               32      0         0      
       memccpy.c.obj                   28      0         0      
       strchr.c.obj                    22      0         0      
       s_copysign.c.obj                20      0         0      
       strlen.c.obj                    20      0         0      
       wcslen.c.obj                    18      0         0      
       copy_decompress_none.c.obj      14      0         0      
       copy_zero_init.c.obj            12      0         0      
       errno.c.obj                     8       0         4      
       exit.c.obj                      4       0         0      
       pre_init.c.obj                  4       0         0      
       div0.asm.obj                    2       0         0      
    +--+-------------------------------+-------+---------+---------+
       Total:                          7889    257       4      
                                                                
       Stack:                          0       0         4096   
       Linker Generated:               0       66        0      
    +--+-------------------------------+-------+---------+---------+
       Grand Total:                    10583   1695      7940   


LINKER GENERATED COPY TABLES

__TI_cinit_table @ 00002ff8 records: 3, size/record: 8, table size: 24
	.data: load addr=00002fc8, load size=0000000e bytes, run addr=20001ef8, run size=00000010 bytes, compression=lzss
	.bss: load addr=00002fe8, load size=00000008 bytes, run addr=20001270, run size=00000c88 bytes, compression=zero_init
	.vtable: load addr=00002ff0, load size=00000008 bytes, run addr=20000000, run size=0000026c bytes, compression=zero_init


LINKER GENERATED HANDLER TABLE

__TI_handler_table @ 00002fd8 records: 3, size/record: 4, table size: 12
	index: 0, handler: __TI_zero_init
	index: 1, handler: __TI_decompress_lzss
	index: 2, handler: __TI_decompress_none


GLOBAL SYMBOLS: SORTED ALPHABETICALLY BY Name 

address   name                          
-------   ----                          
00000e89  ADC0IntHandler                
00002b21  ADCIntClear                   
00002aa7  ADCIntEnable                  
000029c3  ADCProcessorTrigger           
00002af1  ADCReferenceSet               
00002579  ADCSequenceConfigure          
00002989  ADCSequenceDataGet            
00002ac7  ADCSequenceEnable             
00002119  ADCSequenceStepConfigure      
00002b67  C$$EXIT                       
00002afd  CPUcpsie                      
000028ff  GPIODirModeSet                
000019c7  GPIOPadConfigSet              
00002615  GPIOPinConfigure              
00002a5f  GPIOPinTypeADC                
00002a71  GPIOPinTypeUART               
000022e9  IntEnable                     
00002ab7  IntMasterEnable               
00002869  IntRegister                   
00002b15  ResetISR                      
20001efc  SampleComplete1               
20001ef8  SampleCount1                  
20001270  Samples1                      
000011cd  SysCtlClockFreqSet            
00002b59  SysCtlDelay                   
0000289d  SysCtlPeripheralEnable        
20001ef0  Temp                          
00000e75  Timer0IntHandler              
0000241d  TimerConfigure                
000029dd  TimerDisable                  
00002ad5  TimerEnable                   
00002b5f  TimerIntClear                 
00002b3f  TimerIntEnable                
00002a83  TimerLoadSet                  
00002b2b  UARTCharPut                   
000026ed  UARTConfigSetExpClk           
00002929  UARTDisable                   
00002a23  UARTEnable                    
00002b47  UARTIntEnable                 
00000e4f  UARTWriteString               
20001ef4  Vout                          
20001270  __STACK_END                   
00001000  __STACK_SIZE                  
20000470  __STACK_TOP                   
00002ff8  __TI_CINIT_Base               
00003010  __TI_CINIT_Limit              
00002fd8  __TI_Handler_Table_Base       
00002fe4  __TI_Handler_Table_Limit      
00002735  __TI_auto_init_nobinit_nopinit
00002351  __TI_decompress_lzss          
00002ae3  __TI_decompress_none          
ffffffff  __TI_pprof_out_hndl           
00000209  __TI_printfi                  
ffffffff  __TI_prof_data_size           
ffffffff  __TI_prof_data_start          
00000000  __TI_static_base__            
00002b09  __TI_zero_init                
0000200d  __aeabi_cdcmpeq               
0000200d  __aeabi_cdcmple               
00002093  __aeabi_cdrcmple              
0000227b  __aeabi_d2f                   
000026a5  __aeabi_d2iz                  
000015a7  __aeabi_dadd                  
00001891  __aeabi_ddiv                  
00001d2d  __aeabi_dmul                  
0000159d  __aeabi_dsub                  
00002b51  __aeabi_errno_addr            
00002831  __aeabi_f2d                   
000028d1  __aeabi_i2d                   
00000c67  __aeabi_idiv0                 
00000c67  __aeabi_ldiv0                 
00002193  __aeabi_memclr                
00002193  __aeabi_memclr4               
00002193  __aeabi_memclr8               
00001edb  __aeabi_memcpy                
00001edb  __aeabi_memcpy4               
00001edb  __aeabi_memcpy8               
00002195  __aeabi_memset                
00002195  __aeabi_memset4               
00002195  __aeabi_memset8               
00002969  __aeabi_ui2d                  
00001f77  __aeabi_uldivmod              
ffffffff  __binit__                     
ffffffff  __c_args__                    
UNDEFED   __mpu_init                    
20000270  __stack                       
000027f9  _c_int00_noargs               
00002d1c  _ctypes_                      
UNDEFED   _system_post_cinit            
00002b63  _system_pre_init              
00002b67  abort                         
000025c9  atoi                          
ffffffff  binit                         
20001f00  clockFreq                     
00002a37  copysign                      
00002a37  copysignl                     
20001f04  errno                         
000023b9  frexp                         
000023b9  frexpl                        
20000000  g_pfnRAMVectors               
00000000  g_pfnVectors                  
00001c1d  ldexp                         
00001c1d  ldexpl                        
000024d3  ltoa                          
00000c69  main                          
000029a7  memccpy                       
00001edb  memcpy                        
0000219b  memset                        
00001c1d  scalbn                        
00001c1d  scalbnl                       
00002779  sprintf                       
00002a0d  strchr                        
00002a4b  strlen                        
00002a95  wcslen                        


GLOBAL SYMBOLS: SORTED BY Symbol Address 

address   name                          
-------   ----                          
00000000  __TI_static_base__            
00000000  g_pfnVectors                  
00000209  __TI_printfi                  
00000c67  __aeabi_idiv0                 
00000c67  __aeabi_ldiv0                 
00000c69  main                          
00000e4f  UARTWriteString               
00000e75  Timer0IntHandler              
00000e89  ADC0IntHandler                
00001000  __STACK_SIZE                  
000011cd  SysCtlClockFreqSet            
0000159d  __aeabi_dsub                  
000015a7  __aeabi_dadd                  
00001891  __aeabi_ddiv                  
000019c7  GPIOPadConfigSet              
00001c1d  ldexp                         
00001c1d  ldexpl                        
00001c1d  scalbn                        
00001c1d  scalbnl                       
00001d2d  __aeabi_dmul                  
00001edb  __aeabi_memcpy                
00001edb  __aeabi_memcpy4               
00001edb  __aeabi_memcpy8               
00001edb  memcpy                        
00001f77  __aeabi_uldivmod              
0000200d  __aeabi_cdcmpeq               
0000200d  __aeabi_cdcmple               
00002093  __aeabi_cdrcmple              
00002119  ADCSequenceStepConfigure      
00002193  __aeabi_memclr                
00002193  __aeabi_memclr4               
00002193  __aeabi_memclr8               
00002195  __aeabi_memset                
00002195  __aeabi_memset4               
00002195  __aeabi_memset8               
0000219b  memset                        
0000227b  __aeabi_d2f                   
000022e9  IntEnable                     
00002351  __TI_decompress_lzss          
000023b9  frexp                         
000023b9  frexpl                        
0000241d  TimerConfigure                
000024d3  ltoa                          
00002579  ADCSequenceConfigure          
000025c9  atoi                          
00002615  GPIOPinConfigure              
000026a5  __aeabi_d2iz                  
000026ed  UARTConfigSetExpClk           
00002735  __TI_auto_init_nobinit_nopinit
00002779  sprintf                       
000027f9  _c_int00_noargs               
00002831  __aeabi_f2d                   
00002869  IntRegister                   
0000289d  SysCtlPeripheralEnable        
000028d1  __aeabi_i2d                   
000028ff  GPIODirModeSet                
00002929  UARTDisable                   
00002969  __aeabi_ui2d                  
00002989  ADCSequenceDataGet            
000029a7  memccpy                       
000029c3  ADCProcessorTrigger           
000029dd  TimerDisable                  
00002a0d  strchr                        
00002a23  UARTEnable                    
00002a37  copysign                      
00002a37  copysignl                     
00002a4b  strlen                        
00002a5f  GPIOPinTypeADC                
00002a71  GPIOPinTypeUART               
00002a83  TimerLoadSet                  
00002a95  wcslen                        
00002aa7  ADCIntEnable                  
00002ab7  IntMasterEnable               
00002ac7  ADCSequenceEnable             
00002ad5  TimerEnable                   
00002ae3  __TI_decompress_none          
00002af1  ADCReferenceSet               
00002afd  CPUcpsie                      
00002b09  __TI_zero_init                
00002b15  ResetISR                      
00002b21  ADCIntClear                   
00002b2b  UARTCharPut                   
00002b3f  TimerIntEnable                
00002b47  UARTIntEnable                 
00002b51  __aeabi_errno_addr            
00002b59  SysCtlDelay                   
00002b5f  TimerIntClear                 
00002b63  _system_pre_init              
00002b67  C$$EXIT                       
00002b67  abort                         
00002d1c  _ctypes_                      
00002fd8  __TI_Handler_Table_Base       
00002fe4  __TI_Handler_Table_Limit      
00002ff8  __TI_CINIT_Base               
00003010  __TI_CINIT_Limit              
20000000  g_pfnRAMVectors               
20000270  __stack                       
20000470  __STACK_TOP                   
20001270  Samples1                      
20001270  __STACK_END                   
20001ef0  Temp                          
20001ef4  Vout                          
20001ef8  SampleCount1                  
20001efc  SampleComplete1               
20001f00  clockFreq                     
20001f04  errno                         
ffffffff  __TI_pprof_out_hndl           
ffffffff  __TI_prof_data_size           
ffffffff  __TI_prof_data_start          
ffffffff  __binit__                     
ffffffff  __c_args__                    
ffffffff  binit                         
UNDEFED   __mpu_init                    
UNDEFED   _system_post_cinit            

[114 symbols]
